******************************************************************************
                  TI ARM Linker Unix v20.2.7                   
******************************************************************************
>> Linked Wed Nov 22 12:13:29 2023

OUTPUT FILE NAME:   <TEST_ACCELEROMETER_MPU6050.out>
ENTRY POINT SYMBOL: "_c_int00_noargs"  address: 00004121


MEMORY CONFIGURATION

         name            origin    length      used     unused   attr    fill
----------------------  --------  ---------  --------  --------  ----  --------
  MAIN                  00000000   00040000  00004adc  0003b524  R  X
  INFO                  00200000   00004000  00000000  00004000  R  X
  SRAM_CODE             01000000   00010000  00000272  0000fd8e  RW X
  SRAM_DATA             20000000   00010000  00000272  0000fd8e  RW  


SEGMENT ALLOCATION MAP

run origin  load origin   length   init length attrs members
----------  ----------- ---------- ----------- ----- -------
00000000    00000000    00004ae0   00004ae0    r-x
  00000000    00000000    000000e4   000000e4    r-- .intvecs
  000000e4    000000e4    00004454   00004454    r-x .text
  00004538    00004538    00000564   00000564    r-- .const
  00004aa0    00004aa0    00000040   00000040    r-- .cinit
20000000    20000000    00000074   00000000    rw-
  20000000    20000000    0000004a   00000000    rw- .bss
  2000004c    2000004c    00000028   00000000    rw- .data
2000fe00    2000fe00    00000200   00000000    rw-
  2000fe00    2000fe00    00000200   00000000    rw- .stack


SECTION ALLOCATION MAP

 output                                  attributes/
section   page    origin      length       input sections
--------  ----  ----------  ----------   ----------------
.intvecs   0    00000000    000000e4     
                  00000000    000000e4     startup_msp432p401r_ccs.obj (.intvecs:retain)

.text      0    000000e4    00004454     
                  000000e4    00000a4e     rtsv7M4_T_le_v4SPD16_eabi.lib : _printfi.c.obj (.text:__TI_printfi)
                  00000b32    00000002                                   : div0.asm.obj (.text)
                  00000b34    00000680     Crystalfontz128x128_ST7735.obj (.text)
                  000011b4    0000047e     grlib.a : string.obj (.text:Graphics_drawString)
                  00001632    00000002     --HOLE-- [fill = 0]
                  00001634    00000348     main.obj (.text)
                  0000197c    00000334     system_msp432p401r.obj (.text)
                  00001cb0    00000270     rtsv7M4_T_le_v4SPD16_eabi.lib : _printfi.c.obj (.text:_pconv_a)
                  00001f20    000001d0                                   : _printfi.c.obj (.text:_pconv_g)
                  000020f0    000001b6                                   : fd_add_t2.asm.obj (.text)
                  000022a6    00000002     --HOLE-- [fill = 0]
                  000022a8    00000194     HAL_I2C.obj (.text)
                  0000243c    0000017c     MPU6050.obj (.text)
                  000025b8    0000015c     msp432p4xx_driverlib.lib : pcm.o (.text:__PCM_setPowerModeAdvanced)
                  00002714    00000144                              : timer_a.o (.text:privateTimer_AProcessClockSourceDivider)
                  00002858    0000013c     rtsv7M4_T_le_v4SPD16_eabi.lib : _printfi.c.obj (.text:_pconv_e)
                  00002994    00000136                                   : fd_div_t2.asm.obj (.text)
                  00002aca    00000002     --HOLE-- [fill = 0]
                  00002acc    00000130     msp432p4xx_driverlib.lib : cs.o (.text:CS_initClockSignal)
                  00002bfc    00000124     rtsv7M4_T_le_v4SPD16_eabi.lib : _printfi.c.obj (.text:fcvt)
                  00002d20    00000110                                   : s_scalbn.c.obj (.text:scalbn)
                  00002e30    00000108     msp432p4xx_driverlib.lib : pcm.o (.text:__PCM_setCoreVoltageLevelAdvanced)
                  00002f38    000000fc     rtsv7M4_T_le_v4SPD16_eabi.lib : fd_mul_t2.asm.obj (.text)
                  00003034    000000fa     grlib.a : string.obj (.text:Graphics_getStringWidth)
                  0000312e    00000002     --HOLE-- [fill = 0]
                  00003130    000000cc     HAL_MSP_EXP432P401R_Crystalfontz128x128_ST7735.obj (.text)
                  000031fc    000000b1     rtsv7M4_T_le_v4SPD16_eabi.lib : _printfi.c.obj (.text:_ltostr)
                  000032ad    00000001     --HOLE-- [fill = 0]
                  000032ae    000000b0     msp432p4xx_driverlib.lib : spi.o (.text:SPI_initMaster)
                  0000335e    0000009c     grlib.a : line.obj (.text:Graphics_drawLineH)
                  000033fa    0000009c     rtsv7M4_T_le_v4SPD16_eabi.lib : memcpy_t2.asm.obj (.text)
                  00003496    00000096                                   : ull_div_t2.asm.obj (.text)
                  0000352c    00000088     msp432p4xx_driverlib.lib : gpio.o (.text:GPIO_setAsPeripheralModuleFunctionOutputPin)
                  000035b4    00000086     rtsv7M4_T_le_v4SPD16_eabi.lib : fd_cmp_t2.asm.obj (.text:__aeabi_cdcmple)
                  0000363a    00000086                                   : fd_cmp_t2.asm.obj (.text:__aeabi_cdrcmple)
                  000036c0    00000084     msp432p4xx_driverlib.lib : i2c.o (.text:I2C_masterSendSingleByte)
                  00003744    0000007a     rtsv7M4_T_le_v4SPD16_eabi.lib : memset_t2.asm.obj (.text)
                  000037be    00000002     --HOLE-- [fill = 0]
                  000037c0    00000070     msp432p4xx_driverlib.lib : i2c.o (.text:I2C_masterReceiveSingleByte)
                  00003830    0000006e     rtsv7M4_T_le_v4SPD16_eabi.lib : _printfi.c.obj (.text:_mcpy)
                  0000389e    00000002     --HOLE-- [fill = 0]
                  000038a0    0000006c     msp432p4xx_driverlib.lib : i2c.o (.text:I2C_masterSendMultiByteFinish)
                  0000390c    00000068                              : i2c.o (.text:I2C_masterSendMultiByteStart)
                  00003974    00000068                              : timer_a.o (.text:Timer_A_configureUpMode)
                  000039dc    00000068     rtsv7M4_T_le_v4SPD16_eabi.lib : copy_decompress_lzss.c.obj (.text:decompress:lzss:__TI_decompress_lzss)
                  00003a44    00000064                                   : s_frexp.c.obj (.text:frexp)
                  00003aa8    00000062     msp432p4xx_driverlib.lib : i2c.o (.text:I2C_initMaster)
                  00003b0a    0000005e                              : pcm.o (.text:PCM_getCoreVoltageLevel)
                  00003b68    0000005a                              : pcm.o (.text:PCM_getPowerMode)
                  00003bc2    00000056     rtsv7M4_T_le_v4SPD16_eabi.lib : _printfi.c.obj (.text:_pconv_f)
                  00003c18    00000054                                   : _ltoa.c.obj (.text:__TI_ltoa)
                  00003c6c    00000052     grlib.a : context.obj (.text:Graphics_initContext)
                  00003cbe    00000052     rtsv7M4_T_le_v4SPD16_eabi.lib : _printfi.c.obj (.text:_ecpy)
                  00003d10    0000004e     msp432p4xx_driverlib.lib : timer_a.o (.text:Timer_A_initCompare)
                  00003d5e    00000002     --HOLE-- [fill = 0]
                  00003d60    0000004c     rtsv7M4_T_le_v4SPD16_eabi.lib : atoi.c.obj (.text:atoi)
                  00003dac    00000048     msp432p4xx_driverlib.lib : flash.o (.text:FlashCtl_setWaitState)
                  00003df4    00000048     grlib.a : string.obj (.text:Graphics_drawStringCentered)
                  00003e3c    00000048     rtsv7M4_T_le_v4SPD16_eabi.lib : fd_toi_t2.asm.obj (.text)
                  00003e84    00000044                                   : autoinit.c.obj (.text:__TI_auto_init_nobinit_nopinit:__TI_auto_init_nobinit_nopinit)
                  00003ec8    00000040     msp432p4xx_driverlib.lib : gpio.o (.text:GPIO_setAsOutputPin)
                  00003f08    00000040     grlib.a : string.obj (.text:Graphics_getNumberOfLeadingZeros)
                  00003f48    00000040     msp432p4xx_driverlib.lib : i2c.o (.text:I2C_masterReceiveMultiByteFinish)
                  00003f88    00000040                              : spi.o (.text:is_A_Module)
                  00003fc8    00000040     rtsv7M4_T_le_v4SPD16_eabi.lib : sprintf.c.obj (.text:sprintf)
                  00004008    0000003e                                   : _printfi.c.obj (.text:_fcpy)
                  00004046    00000002     --HOLE-- [fill = 0]
                  00004048    00000038     msp432p4xx_driverlib.lib : i2c.o (.text:I2C_masterSendMultiByteStop)
                  00004080    00000036     grlib.a : display.obj (.text:Graphics_drawHorizontalLineOnDisplay)
                  000040b6    00000002     --HOLE-- [fill = 0]
                  000040b8    00000034     msp432p4xx_driverlib.lib : cs.o (.text:CS_setDCOCenteredFrequency)
                  000040ec    00000034                              : i2c.o (.text:I2C_masterSendMultiByteNext)
                  00004120    00000034     rtsv7M4_T_le_v4SPD16_eabi.lib : boot_cortex_m.c.obj (.text:_c_int00_noargs:_c_int00_noargs)
                  00004154    0000002e                                   : i_tofd_t2.asm.obj (.text)
                  00004182    0000002c     grlib.a : display.obj (.text:Graphics_drawPixelOnDisplay)
                  000041ae    00000002     --HOLE-- [fill = 0]
                  000041b0    00000028     msp432p4xx_driverlib.lib : gpio.o (.text:GPIO_setOutputHighOnPin)
                  000041d8    00000028                              : gpio.o (.text:GPIO_setOutputLowOnPin)
                  00004200    00000028                              : timer_a.o (.text:Timer_A_setCompareValue)
                  00004228    00000024                              : wdt_a.o (.text:WDT_A_holdTimer)
                  0000424c    0000001c                              : i2c.o (.text:I2C_setMode)
                  00004268    0000001c                              : spi.o (.text:SPI_enableModule)
                  00004284    0000001c     rtsv7M4_T_le_v4SPD16_eabi.lib : copy_zero_init.c.obj (.text:decompress:ZI:__TI_zero_init_nomemset:__TI_zero_init_nomemset)
                  000042a0    0000001c                                   : memccpy.c.obj (.text:memccpy)
                  000042bc    0000001a     grlib.a : display.obj (.text:Graphics_clearDisplayOnDisplay)
                  000042d6    0000001a             : context.obj (.text:Graphics_setBackgroundColor)
                  000042f0    0000001a             : context.obj (.text:Graphics_setFont)
                  0000430a    0000001a     msp432p4xx_driverlib.lib : i2c.o (.text:I2C_masterReceiveStart)
                  00004324    0000001a     rtsv7M4_T_le_v4SPD16_eabi.lib : s_copysign.c.obj (.text:copysign)
                  0000433e    00000018     msp432p4xx_driverlib.lib : i2c.o (.text:I2C_getInterruptStatus)
                  00004356    00000002     --HOLE-- [fill = 0]
                  00004358    00000018                              : i2c.o (.text:I2C_isBusBusy)
                  00004370    00000018     rtsv7M4_T_le_v4SPD16_eabi.lib : sprintf.c.obj (.text:_outs)
                  00004388    00000016     msp432p4xx_driverlib.lib : spi.o (.text:EUSCI_A_SPI_enable)
                  0000439e    00000016                              : spi.o (.text:EUSCI_B_SPI_enable)
                  000043b4    00000016     grlib.a : context.obj (.text:Graphics_setForegroundColor)
                  000043ca    00000016             : display.obj (.text:Graphics_translateColorOnDisplay)
                  000043e0    00000016     msp432p4xx_driverlib.lib : i2c.o (.text:I2C_clearInterruptFlag)
                  000043f6    00000016                              : i2c.o (.text:I2C_disableModule)
                  0000440c    00000016                              : i2c.o (.text:I2C_enableModule)
                  00004422    00000016                              : timer_a.o (.text:Timer_A_startCounter)
                  00004438    00000016     rtsv7M4_T_le_v4SPD16_eabi.lib : strchr.c.obj (.text:strchr)
                  0000444e    00000014     msp432p4xx_driverlib.lib : i2c.o (.text:I2C_masterReceiveMultiByteNext)
                  00004462    00000014                              : i2c.o (.text:I2C_setSlaveAddress)
                  00004476    00000002     --HOLE-- [fill = 0]
                  00004478    00000014                              : pcm.o (.text:PCM_getPowerState)
                  0000448c    00000014     rtsv7M4_T_le_v4SPD16_eabi.lib : strlen.c.obj (.text:strlen)
                  000044a0    00000012     grlib.a : context.obj (.text:Graphics_clearDisplay)
                  000044b2    00000012     rtsv7M4_T_le_v4SPD16_eabi.lib : wcslen.c.obj (.text:wcslen)
                  000044c4    00000010     msp432p4xx_driverlib.lib : interrupt.o (.text:Interrupt_disableMaster)
                  000044d4    00000010                              : pcm.o (.text:PCM_setCoreVoltageLevel)
                  000044e4    00000010                              : pcm.o (.text:PCM_setPowerMode)
                  000044f4    0000000e     rtsv7M4_T_le_v4SPD16_eabi.lib : copy_decompress_none.c.obj (.text:decompress:none:__TI_decompress_none)
                  00004502    0000000e     startup_msp432p401r_ccs.obj (.text)
                  00004510    0000000c     msp432p4xx_driverlib.lib : cpu.o (.text:CPU_cpsid)
                  0000451c    0000000a     rtsv7M4_T_le_v4SPD16_eabi.lib : sprintf.c.obj (.text:_outc)
                  00004526    00000002     --HOLE-- [fill = 0]
                  00004528    00000008                                   : errno.c.obj (.text:__aeabi_errno_addr)
                  00004530    00000004                                   : pre_init.c.obj (.text:_system_pre_init)
                  00004534    00000004                                   : exit.c.obj (.text:abort:abort)

.const     0    00004538    00000564     
                  00004538    000002f8     grlib.a : fontfixed6x8.obj (.const:.string:g_pucFontFixed6x8Data)
                  00004830    00000101     rtsv7M4_T_le_v4SPD16_eabi.lib : ctype.c.obj (.const:.string:_ctypes_)
                  00004931    00000003     --HOLE-- [fill = 0]
                  00004934    000000c8     grlib.a : fontfixed6x8.obj (.const:g_sFontFixed6x8)
                  000049fc    00000030     msp432p4xx_driverlib.lib : gpio.o (.const:GPIO_PORT_TO_BASE)
                  00004a2c    00000020     Crystalfontz128x128_ST7735.obj (.const:g_sCrystalfontz128x128_funcs)
                  00004a4c    0000001c     HAL_MSP_EXP432P401R_Crystalfontz128x128_ST7735.obj (.const:$P$T0$1)
                  00004a68    00000018     main.obj (.const:upConfig)
                  00004a80    00000014     HAL_I2C.obj (.const:i2cConfig)
                  00004a94    00000008     Crystalfontz128x128_ST7735.obj (.const:$P$T0$1)

.cinit     0    00004aa0    00000040     
                  00004aa0    0000001c     (.cinit..data.load) [load image, compression = lzss]
                  00004abc    0000000c     (__TI_handler_table)
                  00004ac8    00000008     (.cinit..bss.load) [load image, compression = zero_init]
                  00004ad0    00000010     (__TI_cinit_table)

.init_array 
*          0    00000000    00000000     UNINITIALIZED

.binit     0    00000000    00000000     

.bss       0    20000000    0000004a     UNINITIALIZED
                  20000000    0000001c     (.common:g_sContext)
                  2000001c    00000004     (.common:id)
                  20000020    00000008     (.common:temp)
                  20000028    00000008     (.common:xAcc)
                  20000030    00000008     (.common:yAcc)
                  20000038    00000008     (.common:zAcc)
                  20000040    00000002     (.common:Lcd_ScreenHeigth)
                  20000042    00000002     (.common:Lcd_ScreenWidth)
                  20000044    00000002     (.common:Lcd_TouchTrim)
                  20000046    00000001     (.common:Lcd_FlagRead)
                  20000047    00000001     (.common:Lcd_FontSolid)
                  20000048    00000001     (.common:Lcd_Orientation)
                  20000049    00000001     (.common:Lcd_PenSolid)

.data      0    2000004c    00000028     UNINITIALIZED
                  2000004c    00000010     main.obj (.data:compareConfig_PWM)
                  2000005c    00000010     Crystalfontz128x128_ST7735.obj (.data:g_sCrystalfontz128x128)
                  2000006c    00000004     rtsv7M4_T_le_v4SPD16_eabi.lib : errno.c.obj (.data)
                  20000070    00000004     system_msp432p401r.obj (.data)

.stack     0    2000fe00    00000200     UNINITIALIZED
                  2000fe00    00000004     rtsv7M4_T_le_v4SPD16_eabi.lib : boot_cortex_m.c.obj (.stack)
                  2000fe04    000001fc     --HOLE--

__llvm_prf_cnts 
*          0    20000000    00000000     UNINITIALIZED

MODULE SUMMARY

       Module                                               code    ro data   rw data
       ------                                               ----    -------   -------
    ./
       main.obj                                             840     24        160    
       system_msp432p401r.obj                               820     0         8      
       HAL_I2C.obj                                          404     20        0      
       MPU6050.obj                                          380     0         0      
       startup_msp432p401r_ccs.obj                          14      228       0      
    +--+----------------------------------------------------+-------+---------+---------+
       Total:                                               2458    272       168    
                                                                                     
    ./LcdDriver/
       Crystalfontz128x128_ST7735.obj                       1664    40        52     
       HAL_MSP_EXP432P401R_Crystalfontz128x128_ST7735.obj   204     28        0      
    +--+----------------------------------------------------+-------+---------+---------+
       Total:                                               1868    68        52     
                                                                                     
    /Applications/ti/ccs1250/ccs/tools/compiler/ti-cgt-arm_20.2.7.LTS/lib/rtsv7M4_T_le_v4SPD16_eabi.lib
       _printfi.c.obj                                       4851    0         0      
       fd_add_t2.asm.obj                                    438     0         0      
       fd_div_t2.asm.obj                                    310     0         0      
       s_scalbn.c.obj                                       272     0         0      
       fd_cmp_t2.asm.obj                                    268     0         0      
       ctype.c.obj                                          0       257       0      
       fd_mul_t2.asm.obj                                    252     0         0      
       memcpy_t2.asm.obj                                    156     0         0      
       ull_div_t2.asm.obj                                   150     0         0      
       memset_t2.asm.obj                                    122     0         0      
       copy_decompress_lzss.c.obj                           104     0         0      
       s_frexp.c.obj                                        100     0         0      
       sprintf.c.obj                                        98      0         0      
       _ltoa.c.obj                                          84      0         0      
       atoi.c.obj                                           76      0         0      
       fd_toi_t2.asm.obj                                    72      0         0      
       autoinit.c.obj                                       68      0         0      
       boot_cortex_m.c.obj                                  52      0         0      
       i_tofd_t2.asm.obj                                    46      0         0      
       copy_zero_init.c.obj                                 28      0         0      
       memccpy.c.obj                                        28      0         0      
       s_copysign.c.obj                                     26      0         0      
       strchr.c.obj                                         22      0         0      
       strlen.c.obj                                         20      0         0      
       wcslen.c.obj                                         18      0         0      
       errno.c.obj                                          8       0         8      
       copy_decompress_none.c.obj                           14      0         0      
       exit.c.obj                                           4       0         0      
       pre_init.c.obj                                       4       0         0      
       div0.asm.obj                                         2       0         0      
    +--+----------------------------------------------------+-------+---------+---------+
       Total:                                               7693    257       8      
                                                                                     
    /Library/simplelink_msp432p4_sdk_3_40_01_02/source/ti/devices/msp432p4xx/driverlib/ccs/msp432p4xx_driverlib.lib
       i2c.o                                                934     0         0      
       pcm.o                                                848     0         0      
       timer_a.o                                            568     0         0      
       cs.o                                                 356     0         0      
       gpio.o                                               280     48        0      
       spi.o                                                312     0         0      
       flash.o                                              72      0         0      
       wdt_a.o                                              36      0         0      
       interrupt.o                                          16      0         0      
       cpu.o                                                12      0         0      
    +--+----------------------------------------------------+-------+---------+---------+
       Total:                                               3434    48        0      
                                                                                     
    /Library/simplelink_msp432p4_sdk_3_40_01_02/source/ti/grlib/lib/ccs/m4/grlib.a
       string.obj                                           1536    0         0      
       fontfixed6x8.obj                                     0       960       0      
       context.obj                                          174     0         0      
       line.obj                                             156     0         0      
       display.obj                                          146     0         0      
    +--+----------------------------------------------------+-------+---------+---------+
       Total:                                               2012    960       0      
                                                                                     
       Stack:                                               0       0         1024   
       Linker Generated:                                    0       64        0      
    +--+----------------------------------------------------+-------+---------+---------+
       Grand Total:                                         17465   1669      1252   


LINKER GENERATED COPY TABLES

__TI_cinit_table @ 00004ad0 records: 2, size/record: 8, table size: 16
	.data: load addr=00004aa0, load size=0000001c bytes, run addr=2000004c, run size=00000028 bytes, compression=lzss
	.bss: load addr=00004ac8, load size=00000008 bytes, run addr=20000000, run size=0000004a bytes, compression=zero_init


LINKER GENERATED HANDLER TABLE

__TI_handler_table @ 00004abc records: 3, size/record: 4, table size: 12
	index: 0, handler: __TI_decompress_lzss
	index: 1, handler: __TI_decompress_none
	index: 2, handler: __TI_zero_init


GLOBAL SYMBOLS: SORTED ALPHABETICALLY BY Name 

address   name                                       
-------   ----                                       
0000450f  ADC14_IRQHandler                           
0000450f  AES256_IRQHandler                          
0000450f  BusFault_Handler                           
00004535  C$$EXIT                                    
0000450f  COMP_E0_IRQHandler                         
0000450f  COMP_E1_IRQHandler                         
00004511  CPU_cpsid                                  
0000450f  CS_IRQHandler                              
00002acd  CS_initClockSignal                         
000040b9  CS_setDCOCenteredFrequency                 
00000b35  Crystalfontz128x128_Init                   
00000c49  Crystalfontz128x128_SetDrawFrame           
00000d77  Crystalfontz128x128_SetOrientation         
0000450f  DMA_ERR_IRQHandler                         
0000450f  DMA_INT0_IRQHandler                        
0000450f  DMA_INT1_IRQHandler                        
0000450f  DMA_INT2_IRQHandler                        
0000450f  DMA_INT3_IRQHandler                        
0000450f  DebugMon_Handler                           
0000450f  Default_Handler                            
0000450f  EUSCIA0_IRQHandler                         
0000450f  EUSCIA1_IRQHandler                         
0000450f  EUSCIA2_IRQHandler                         
0000450f  EUSCIA3_IRQHandler                         
0000450f  EUSCIB0_IRQHandler                         
0000450f  EUSCIB1_IRQHandler                         
0000450f  EUSCIB2_IRQHandler                         
0000450f  EUSCIB3_IRQHandler                         
00004389  EUSCI_A_SPI_enable                         
0000439f  EUSCI_B_SPI_enable                         
0000450f  FLCTL_IRQHandler                           
0000450f  FPU_IRQHandler                             
00003dad  FlashCtl_setWaitState                      
00003ec9  GPIO_setAsOutputPin                        
0000352d  GPIO_setAsPeripheralModuleFunctionOutputPin
000041b1  GPIO_setOutputHighOnPin                    
000041d9  GPIO_setOutputLowOnPin                     
000044a1  Graphics_clearDisplay                      
000042bd  Graphics_clearDisplayOnDisplay             
00004081  Graphics_drawHorizontalLineOnDisplay       
0000335f  Graphics_drawLineH                         
00004183  Graphics_drawPixelOnDisplay                
000011b5  Graphics_drawString                        
00003df5  Graphics_drawStringCentered                
00003035  Graphics_getStringWidth                    
00003c6d  Graphics_initContext                       
000042d7  Graphics_setBackgroundColor                
000042f1  Graphics_setFont                           
000043b5  Graphics_setForegroundColor                
000043cb  Graphics_translateColorOnDisplay           
00003131  HAL_LCD_PortInit                           
00003161  HAL_LCD_SpiInit                            
00003197  HAL_LCD_writeCommand                       
000031c7  HAL_LCD_writeData                          
0000450f  HardFault_Handler                          
000043e1  I2C_clearInterruptFlag                     
000043f7  I2C_disableModule                          
0000440d  I2C_enableModule                           
0000433f  I2C_getInterruptStatus                     
000022c1  I2C_init                                   
00003aa9  I2C_initMaster                             
00004359  I2C_isBusBusy                              
00003f49  I2C_masterReceiveMultiByteFinish           
0000444f  I2C_masterReceiveMultiByteNext             
000037c1  I2C_masterReceiveSingleByte                
0000430b  I2C_masterReceiveStart                     
000038a1  I2C_masterSendMultiByteFinish              
000040ed  I2C_masterSendMultiByteNext                
0000390d  I2C_masterSendMultiByteStart               
00004049  I2C_masterSendMultiByteStop                
000036c1  I2C_masterSendSingleByte                   
000022d9  I2C_read16                                 
0000235f  I2C_read8                                  
0000424d  I2C_setMode                                
00004463  I2C_setSlaveAddress                        
0000241f  I2C_setslave                               
000023a3  I2C_write16                                
000023e7  I2C_write8                                 
000022a9  Init_I2C_GPIO                              
000044c5  Interrupt_disableMaster                    
20000046  Lcd_FlagRead                               
20000047  Lcd_FontSolid                              
20000048  Lcd_Orientation                            
20000049  Lcd_PenSolid                               
20000040  Lcd_ScreenHeigth                           
20000042  Lcd_ScreenWidth                            
20000044  Lcd_TouchTrim                              
0000243d  MPU6050_init                               
00002497  MPU6050_readDeviceId                       
0000255b  MPU6050_readTemp_chip                      
000024a7  MPU6050_readXvalue                         
000024e3  MPU6050_readYvalue                         
0000251f  MPU6050_readZvalue                         
0000450f  MemManage_Handler                          
0000450f  NMI_Handler                                
0000450f  PCM_IRQHandler                             
00003b0b  PCM_getCoreVoltageLevel                    
00003b69  PCM_getPowerMode                           
00004479  PCM_getPowerState                          
000044d5  PCM_setCoreVoltageLevel                    
000044e5  PCM_setPowerMode                           
0000450f  PORT1_IRQHandler                           
0000450f  PORT2_IRQHandler                           
0000450f  PORT3_IRQHandler                           
0000450f  PORT4_IRQHandler                           
0000450f  PORT5_IRQHandler                           
0000450f  PORT6_IRQHandler                           
0000450f  PSS_IRQHandler                             
0000450f  PendSV_Handler                             
0000450f  RTC_C_IRQHandler                           
00004503  Reset_Handler                              
00004269  SPI_enableModule                           
000032af  SPI_initMaster                             
0000450f  SVC_Handler                                
0000450f  SysTick_Handler                            
20000070  SystemCoreClock                            
0000197d  SystemCoreClockUpdate                      
00001bf5  SystemInit                                 
0000450f  T32_INT1_IRQHandler                        
0000450f  T32_INT2_IRQHandler                        
0000450f  T32_INTC_IRQHandler                        
0000450f  TA0_0_IRQHandler                           
0000450f  TA0_N_IRQHandler                           
0000450f  TA1_0_IRQHandler                           
0000450f  TA1_N_IRQHandler                           
0000450f  TA2_0_IRQHandler                           
0000450f  TA2_N_IRQHandler                           
0000450f  TA3_0_IRQHandler                           
0000450f  TA3_N_IRQHandler                           
00003975  Timer_A_configureUpMode                    
00003d11  Timer_A_initCompare                        
00004201  Timer_A_setCompareValue                    
00004423  Timer_A_startCounter                       
0000450f  UsageFault_Handler                         
4000480c  WDTCTL_SYM                                 
0000450f  WDT_A_IRQHandler                           
00004229  WDT_A_holdTimer                            
000016d5  _MPU6050SensorInit                         
20010000  __STACK_END                                
00000200  __STACK_SIZE                               
00004ad0  __TI_CINIT_Base                            
00004ae0  __TI_CINIT_Limit                           
00004abc  __TI_Handler_Table_Base                    
00004ac8  __TI_Handler_Table_Limit                   
00003e85  __TI_auto_init_nobinit_nopinit             
000039dd  __TI_decompress_lzss                       
000044f5  __TI_decompress_none                       
00003c19  __TI_ltoa                                  
ffffffff  __TI_pprof_out_hndl                        
000000e5  __TI_printfi                               
ffffffff  __TI_prof_data_size                        
ffffffff  __TI_prof_data_start                       
00000000  __TI_static_base__                         
00004285  __TI_zero_init_nomemset                    
000035b5  __aeabi_cdcmpeq                            
000035b5  __aeabi_cdcmple                            
0000363b  __aeabi_cdrcmple                           
00003e3d  __aeabi_d2iz                               
000020fb  __aeabi_dadd                               
00002995  __aeabi_ddiv                               
00002f39  __aeabi_dmul                               
000020f1  __aeabi_dsub                               
00004529  __aeabi_errno_addr                         
00004155  __aeabi_i2d                                
00000b33  __aeabi_idiv0                              
00000b33  __aeabi_ldiv0                              
00003745  __aeabi_memclr                             
00003745  __aeabi_memclr4                            
00003745  __aeabi_memclr8                            
000033fb  __aeabi_memcpy                             
000033fb  __aeabi_memcpy4                            
000033fb  __aeabi_memcpy8                            
00003747  __aeabi_memset                             
00003747  __aeabi_memset4                            
00003747  __aeabi_memset8                            
00003497  __aeabi_uldivmod                           
ffffffff  __binit__                                  
ffffffff  __c_args__                                 
UNDEFED   __mpu_init                                 
2000fe00  __stack                                    
20000000  __start___llvm_prf_cnts                    
20000000  __stop___llvm_prf_cnts                     
00001635  _buzzerInit                                
00001661  _buzzerUp                                  
00004121  _c_int00_noargs                            
00004830  _ctypes_                                   
0000169b  _graphicsInit                              
00001711  _hwInit                                    
000016f5  _ledInit                                   
UNDEFED   _system_post_cinit                         
00004531  _system_pre_init                           
00004535  abort                                      
00003d61  atoi                                       
ffffffff  binit                                      
2000004c  compareConfig_PWM                          
00004325  copysign                                   
00004325  copysignl                                  
2000006c  errno                                      
00003a45  frexp                                      
00003a45  frexpl                                     
20000000  g_sContext                                 
2000005c  g_sCrystalfontz128x128                     
00004a2c  g_sCrystalfontz128x128_funcs               
00004934  g_sFontFixed6x8                            
00004a80  i2cConfig                                  
2000001c  id                                         
00000000  interruptVectors                           
00002d21  ldexp                                      
00002d21  ldexpl                                     
00001787  main                                       
000042a1  memccpy                                    
000033fb  memcpy                                     
0000374d  memset                                     
00002d21  scalbn                                     
00002d21  scalbnl                                    
00003fc9  sprintf                                    
00004439  strchr                                     
0000448d  strlen                                     
20000020  temp                                       
00004a68  upConfig                                   
000044b3  wcslen                                     
20000028  xAcc                                       
20000030  yAcc                                       
20000038  zAcc                                       


GLOBAL SYMBOLS: SORTED BY Symbol Address 

address   name                                       
-------   ----                                       
00000000  __TI_static_base__                         
00000000  interruptVectors                           
000000e5  __TI_printfi                               
00000200  __STACK_SIZE                               
00000b33  __aeabi_idiv0                              
00000b33  __aeabi_ldiv0                              
00000b35  Crystalfontz128x128_Init                   
00000c49  Crystalfontz128x128_SetDrawFrame           
00000d77  Crystalfontz128x128_SetOrientation         
000011b5  Graphics_drawString                        
00001635  _buzzerInit                                
00001661  _buzzerUp                                  
0000169b  _graphicsInit                              
000016d5  _MPU6050SensorInit                         
000016f5  _ledInit                                   
00001711  _hwInit                                    
00001787  main                                       
0000197d  SystemCoreClockUpdate                      
00001bf5  SystemInit                                 
000020f1  __aeabi_dsub                               
000020fb  __aeabi_dadd                               
000022a9  Init_I2C_GPIO                              
000022c1  I2C_init                                   
000022d9  I2C_read16                                 
0000235f  I2C_read8                                  
000023a3  I2C_write16                                
000023e7  I2C_write8                                 
0000241f  I2C_setslave                               
0000243d  MPU6050_init                               
00002497  MPU6050_readDeviceId                       
000024a7  MPU6050_readXvalue                         
000024e3  MPU6050_readYvalue                         
0000251f  MPU6050_readZvalue                         
0000255b  MPU6050_readTemp_chip                      
00002995  __aeabi_ddiv                               
00002acd  CS_initClockSignal                         
00002d21  ldexp                                      
00002d21  ldexpl                                     
00002d21  scalbn                                     
00002d21  scalbnl                                    
00002f39  __aeabi_dmul                               
00003035  Graphics_getStringWidth                    
00003131  HAL_LCD_PortInit                           
00003161  HAL_LCD_SpiInit                            
00003197  HAL_LCD_writeCommand                       
000031c7  HAL_LCD_writeData                          
000032af  SPI_initMaster                             
0000335f  Graphics_drawLineH                         
000033fb  __aeabi_memcpy                             
000033fb  __aeabi_memcpy4                            
000033fb  __aeabi_memcpy8                            
000033fb  memcpy                                     
00003497  __aeabi_uldivmod                           
0000352d  GPIO_setAsPeripheralModuleFunctionOutputPin
000035b5  __aeabi_cdcmpeq                            
000035b5  __aeabi_cdcmple                            
0000363b  __aeabi_cdrcmple                           
000036c1  I2C_masterSendSingleByte                   
00003745  __aeabi_memclr                             
00003745  __aeabi_memclr4                            
00003745  __aeabi_memclr8                            
00003747  __aeabi_memset                             
00003747  __aeabi_memset4                            
00003747  __aeabi_memset8                            
0000374d  memset                                     
000037c1  I2C_masterReceiveSingleByte                
000038a1  I2C_masterSendMultiByteFinish              
0000390d  I2C_masterSendMultiByteStart               
00003975  Timer_A_configureUpMode                    
000039dd  __TI_decompress_lzss                       
00003a45  frexp                                      
00003a45  frexpl                                     
00003aa9  I2C_initMaster                             
00003b0b  PCM_getCoreVoltageLevel                    
00003b69  PCM_getPowerMode                           
00003c19  __TI_ltoa                                  
00003c6d  Graphics_initContext                       
00003d11  Timer_A_initCompare                        
00003d61  atoi                                       
00003dad  FlashCtl_setWaitState                      
00003df5  Graphics_drawStringCentered                
00003e3d  __aeabi_d2iz                               
00003e85  __TI_auto_init_nobinit_nopinit             
00003ec9  GPIO_setAsOutputPin                        
00003f49  I2C_masterReceiveMultiByteFinish           
00003fc9  sprintf                                    
00004049  I2C_masterSendMultiByteStop                
00004081  Graphics_drawHorizontalLineOnDisplay       
000040b9  CS_setDCOCenteredFrequency                 
000040ed  I2C_masterSendMultiByteNext                
00004121  _c_int00_noargs                            
00004155  __aeabi_i2d                                
00004183  Graphics_drawPixelOnDisplay                
000041b1  GPIO_setOutputHighOnPin                    
000041d9  GPIO_setOutputLowOnPin                     
00004201  Timer_A_setCompareValue                    
00004229  WDT_A_holdTimer                            
0000424d  I2C_setMode                                
00004269  SPI_enableModule                           
00004285  __TI_zero_init_nomemset                    
000042a1  memccpy                                    
000042bd  Graphics_clearDisplayOnDisplay             
000042d7  Graphics_setBackgroundColor                
000042f1  Graphics_setFont                           
0000430b  I2C_masterReceiveStart                     
00004325  copysign                                   
00004325  copysignl                                  
0000433f  I2C_getInterruptStatus                     
00004359  I2C_isBusBusy                              
00004389  EUSCI_A_SPI_enable                         
0000439f  EUSCI_B_SPI_enable                         
000043b5  Graphics_setForegroundColor                
000043cb  Graphics_translateColorOnDisplay           
000043e1  I2C_clearInterruptFlag                     
000043f7  I2C_disableModule                          
0000440d  I2C_enableModule                           
00004423  Timer_A_startCounter                       
00004439  strchr                                     
0000444f  I2C_masterReceiveMultiByteNext             
00004463  I2C_setSlaveAddress                        
00004479  PCM_getPowerState                          
0000448d  strlen                                     
000044a1  Graphics_clearDisplay                      
000044b3  wcslen                                     
000044c5  Interrupt_disableMaster                    
000044d5  PCM_setCoreVoltageLevel                    
000044e5  PCM_setPowerMode                           
000044f5  __TI_decompress_none                       
00004503  Reset_Handler                              
0000450f  ADC14_IRQHandler                           
0000450f  AES256_IRQHandler                          
0000450f  BusFault_Handler                           
0000450f  COMP_E0_IRQHandler                         
0000450f  COMP_E1_IRQHandler                         
0000450f  CS_IRQHandler                              
0000450f  DMA_ERR_IRQHandler                         
0000450f  DMA_INT0_IRQHandler                        
0000450f  DMA_INT1_IRQHandler                        
0000450f  DMA_INT2_IRQHandler                        
0000450f  DMA_INT3_IRQHandler                        
0000450f  DebugMon_Handler                           
0000450f  Default_Handler                            
0000450f  EUSCIA0_IRQHandler                         
0000450f  EUSCIA1_IRQHandler                         
0000450f  EUSCIA2_IRQHandler                         
0000450f  EUSCIA3_IRQHandler                         
0000450f  EUSCIB0_IRQHandler                         
0000450f  EUSCIB1_IRQHandler                         
0000450f  EUSCIB2_IRQHandler                         
0000450f  EUSCIB3_IRQHandler                         
0000450f  FLCTL_IRQHandler                           
0000450f  FPU_IRQHandler                             
0000450f  HardFault_Handler                          
0000450f  MemManage_Handler                          
0000450f  NMI_Handler                                
0000450f  PCM_IRQHandler                             
0000450f  PORT1_IRQHandler                           
0000450f  PORT2_IRQHandler                           
0000450f  PORT3_IRQHandler                           
0000450f  PORT4_IRQHandler                           
0000450f  PORT5_IRQHandler                           
0000450f  PORT6_IRQHandler                           
0000450f  PSS_IRQHandler                             
0000450f  PendSV_Handler                             
0000450f  RTC_C_IRQHandler                           
0000450f  SVC_Handler                                
0000450f  SysTick_Handler                            
0000450f  T32_INT1_IRQHandler                        
0000450f  T32_INT2_IRQHandler                        
0000450f  T32_INTC_IRQHandler                        
0000450f  TA0_0_IRQHandler                           
0000450f  TA0_N_IRQHandler                           
0000450f  TA1_0_IRQHandler                           
0000450f  TA1_N_IRQHandler                           
0000450f  TA2_0_IRQHandler                           
0000450f  TA2_N_IRQHandler                           
0000450f  TA3_0_IRQHandler                           
0000450f  TA3_N_IRQHandler                           
0000450f  UsageFault_Handler                         
0000450f  WDT_A_IRQHandler                           
00004511  CPU_cpsid                                  
00004529  __aeabi_errno_addr                         
00004531  _system_pre_init                           
00004535  C$$EXIT                                    
00004535  abort                                      
00004830  _ctypes_                                   
00004934  g_sFontFixed6x8                            
00004a2c  g_sCrystalfontz128x128_funcs               
00004a68  upConfig                                   
00004a80  i2cConfig                                  
00004abc  __TI_Handler_Table_Base                    
00004ac8  __TI_Handler_Table_Limit                   
00004ad0  __TI_CINIT_Base                            
00004ae0  __TI_CINIT_Limit                           
20000000  __start___llvm_prf_cnts                    
20000000  __stop___llvm_prf_cnts                     
20000000  g_sContext                                 
2000001c  id                                         
20000020  temp                                       
20000028  xAcc                                       
20000030  yAcc                                       
20000038  zAcc                                       
20000040  Lcd_ScreenHeigth                           
20000042  Lcd_ScreenWidth                            
20000044  Lcd_TouchTrim                              
20000046  Lcd_FlagRead                               
20000047  Lcd_FontSolid                              
20000048  Lcd_Orientation                            
20000049  Lcd_PenSolid                               
2000004c  compareConfig_PWM                          
2000005c  g_sCrystalfontz128x128                     
2000006c  errno                                      
20000070  SystemCoreClock                            
2000fe00  __stack                                    
20010000  __STACK_END                                
4000480c  WDTCTL_SYM                                 
ffffffff  __TI_pprof_out_hndl                        
ffffffff  __TI_prof_data_size                        
ffffffff  __TI_prof_data_start                       
ffffffff  __binit__                                  
ffffffff  __c_args__                                 
ffffffff  binit                                      
UNDEFED   __mpu_init                                 
UNDEFED   _system_post_cinit                         

[224 symbols]
