<?xml version="1.0" encoding="ISO-8859-1" ?>
<link_info>
   <banner>TI ARM Linker Unix v20.2.7.LTS</banner>
   <copyright>Copyright (c) 1996-2018 Texas Instruments Incorporated</copyright>
   <link_time>0x655de259</link_time>
   <link_errors>0x0</link_errors>
   <output_file>TEST_ACCELEROMETER_MPU6050.out</output_file>
   <entry_point>
      <name>_c_int00_noargs</name>
      <address>0x4121</address>
   </entry_point>
   <input_file_list>
      <input_file id="fl-2">
         <path>./</path>
         <kind>object</kind>
         <file>HAL_I2C.obj</file>
         <name>HAL_I2C.obj</name>
      </input_file>
      <input_file id="fl-3">
         <path>./</path>
         <kind>object</kind>
         <file>MPU6050.obj</file>
         <name>MPU6050.obj</name>
      </input_file>
      <input_file id="fl-4">
         <path>./</path>
         <kind>object</kind>
         <file>main.obj</file>
         <name>main.obj</name>
      </input_file>
      <input_file id="fl-5">
         <path>./</path>
         <kind>object</kind>
         <file>startup_msp432p401r_ccs.obj</file>
         <name>startup_msp432p401r_ccs.obj</name>
      </input_file>
      <input_file id="fl-6">
         <path>./</path>
         <kind>object</kind>
         <file>system_msp432p401r.obj</file>
         <name>system_msp432p401r.obj</name>
      </input_file>
      <input_file id="fl-7">
         <path>./LcdDriver/</path>
         <kind>object</kind>
         <file>Crystalfontz128x128_ST7735.obj</file>
         <name>Crystalfontz128x128_ST7735.obj</name>
      </input_file>
      <input_file id="fl-8">
         <path>./LcdDriver/</path>
         <kind>object</kind>
         <file>HAL_MSP_EXP432P401R_Crystalfontz128x128_ST7735.obj</file>
         <name>HAL_MSP_EXP432P401R_Crystalfontz128x128_ST7735.obj</name>
      </input_file>
      <input_file id="fl-f">
         <kind>object</kind>
         <file>&lt;internal&gt;</file>
         <name>&lt;internal&gt;</name>
      </input_file>
      <input_file id="fl-10">
         <path>/Library/simplelink_msp432p4_sdk_3_40_01_02/source/ti/devices/msp432p4xx/driverlib/ccs/</path>
         <kind>archive</kind>
         <file>msp432p4xx_driverlib.lib</file>
         <name>cs.o</name>
      </input_file>
      <input_file id="fl-11">
         <path>/Library/simplelink_msp432p4_sdk_3_40_01_02/source/ti/devices/msp432p4xx/driverlib/ccs/</path>
         <kind>archive</kind>
         <file>msp432p4xx_driverlib.lib</file>
         <name>flash.o</name>
      </input_file>
      <input_file id="fl-12">
         <path>/Library/simplelink_msp432p4_sdk_3_40_01_02/source/ti/devices/msp432p4xx/driverlib/ccs/</path>
         <kind>archive</kind>
         <file>msp432p4xx_driverlib.lib</file>
         <name>gpio.o</name>
      </input_file>
      <input_file id="fl-13">
         <path>/Library/simplelink_msp432p4_sdk_3_40_01_02/source/ti/devices/msp432p4xx/driverlib/ccs/</path>
         <kind>archive</kind>
         <file>msp432p4xx_driverlib.lib</file>
         <name>i2c.o</name>
      </input_file>
      <input_file id="fl-14">
         <path>/Library/simplelink_msp432p4_sdk_3_40_01_02/source/ti/devices/msp432p4xx/driverlib/ccs/</path>
         <kind>archive</kind>
         <file>msp432p4xx_driverlib.lib</file>
         <name>interrupt.o</name>
      </input_file>
      <input_file id="fl-15">
         <path>/Library/simplelink_msp432p4_sdk_3_40_01_02/source/ti/devices/msp432p4xx/driverlib/ccs/</path>
         <kind>archive</kind>
         <file>msp432p4xx_driverlib.lib</file>
         <name>pcm.o</name>
      </input_file>
      <input_file id="fl-16">
         <path>/Library/simplelink_msp432p4_sdk_3_40_01_02/source/ti/devices/msp432p4xx/driverlib/ccs/</path>
         <kind>archive</kind>
         <file>msp432p4xx_driverlib.lib</file>
         <name>rtc_c.o</name>
      </input_file>
      <input_file id="fl-17">
         <path>/Library/simplelink_msp432p4_sdk_3_40_01_02/source/ti/devices/msp432p4xx/driverlib/ccs/</path>
         <kind>archive</kind>
         <file>msp432p4xx_driverlib.lib</file>
         <name>spi.o</name>
      </input_file>
      <input_file id="fl-18">
         <path>/Library/simplelink_msp432p4_sdk_3_40_01_02/source/ti/devices/msp432p4xx/driverlib/ccs/</path>
         <kind>archive</kind>
         <file>msp432p4xx_driverlib.lib</file>
         <name>sysctl.o</name>
      </input_file>
      <input_file id="fl-19">
         <path>/Library/simplelink_msp432p4_sdk_3_40_01_02/source/ti/devices/msp432p4xx/driverlib/ccs/</path>
         <kind>archive</kind>
         <file>msp432p4xx_driverlib.lib</file>
         <name>sysctl_a.o</name>
      </input_file>
      <input_file id="fl-1a">
         <path>/Library/simplelink_msp432p4_sdk_3_40_01_02/source/ti/devices/msp432p4xx/driverlib/ccs/</path>
         <kind>archive</kind>
         <file>msp432p4xx_driverlib.lib</file>
         <name>timer_a.o</name>
      </input_file>
      <input_file id="fl-1b">
         <path>/Library/simplelink_msp432p4_sdk_3_40_01_02/source/ti/devices/msp432p4xx/driverlib/ccs/</path>
         <kind>archive</kind>
         <file>msp432p4xx_driverlib.lib</file>
         <name>wdt_a.o</name>
      </input_file>
      <input_file id="fl-1c">
         <path>/Library/simplelink_msp432p4_sdk_3_40_01_02/source/ti/devices/msp432p4xx/driverlib/ccs/</path>
         <kind>archive</kind>
         <file>msp432p4xx_driverlib.lib</file>
         <name>cpu.o</name>
      </input_file>
      <input_file id="fl-d2">
         <path>/Applications/ti/ccs1250/ccs/tools/compiler/ti-cgt-arm_20.2.7.LTS/lib/</path>
         <kind>archive</kind>
         <file>rtsv7M4_T_le_v4SPD16_eabi.lib</file>
         <name>sprintf.c.obj</name>
      </input_file>
      <input_file id="fl-d3">
         <path>/Applications/ti/ccs1250/ccs/tools/compiler/ti-cgt-arm_20.2.7.LTS/lib/</path>
         <kind>archive</kind>
         <file>rtsv7M4_T_le_v4SPD16_eabi.lib</file>
         <name>fd_add_t2.asm.obj</name>
      </input_file>
      <input_file id="fl-d4">
         <path>/Applications/ti/ccs1250/ccs/tools/compiler/ti-cgt-arm_20.2.7.LTS/lib/</path>
         <kind>archive</kind>
         <file>rtsv7M4_T_le_v4SPD16_eabi.lib</file>
         <name>fd_div_t2.asm.obj</name>
      </input_file>
      <input_file id="fl-d5">
         <path>/Applications/ti/ccs1250/ccs/tools/compiler/ti-cgt-arm_20.2.7.LTS/lib/</path>
         <kind>archive</kind>
         <file>rtsv7M4_T_le_v4SPD16_eabi.lib</file>
         <name>i_tofd_t2.asm.obj</name>
      </input_file>
      <input_file id="fl-d6">
         <path>/Applications/ti/ccs1250/ccs/tools/compiler/ti-cgt-arm_20.2.7.LTS/lib/</path>
         <kind>archive</kind>
         <file>rtsv7M4_T_le_v4SPD16_eabi.lib</file>
         <name>memcpy_t2.asm.obj</name>
      </input_file>
      <input_file id="fl-d7">
         <path>/Applications/ti/ccs1250/ccs/tools/compiler/ti-cgt-arm_20.2.7.LTS/lib/</path>
         <kind>archive</kind>
         <file>rtsv7M4_T_le_v4SPD16_eabi.lib</file>
         <name>copy_zero_init.c.obj</name>
      </input_file>
      <input_file id="fl-d8">
         <path>/Applications/ti/ccs1250/ccs/tools/compiler/ti-cgt-arm_20.2.7.LTS/lib/</path>
         <kind>archive</kind>
         <file>rtsv7M4_T_le_v4SPD16_eabi.lib</file>
         <name>copy_decompress_none.c.obj</name>
      </input_file>
      <input_file id="fl-d9">
         <path>/Applications/ti/ccs1250/ccs/tools/compiler/ti-cgt-arm_20.2.7.LTS/lib/</path>
         <kind>archive</kind>
         <file>rtsv7M4_T_le_v4SPD16_eabi.lib</file>
         <name>copy_decompress_lzss.c.obj</name>
      </input_file>
      <input_file id="fl-da">
         <path>/Applications/ti/ccs1250/ccs/tools/compiler/ti-cgt-arm_20.2.7.LTS/lib/</path>
         <kind>archive</kind>
         <file>rtsv7M4_T_le_v4SPD16_eabi.lib</file>
         <name>boot_cortex_m.c.obj</name>
      </input_file>
      <input_file id="fl-db">
         <path>/Applications/ti/ccs1250/ccs/tools/compiler/ti-cgt-arm_20.2.7.LTS/lib/</path>
         <kind>archive</kind>
         <file>rtsv7M4_T_le_v4SPD16_eabi.lib</file>
         <name>_printfi.c.obj</name>
      </input_file>
      <input_file id="fl-dc">
         <path>/Applications/ti/ccs1250/ccs/tools/compiler/ti-cgt-arm_20.2.7.LTS/lib/</path>
         <kind>archive</kind>
         <file>rtsv7M4_T_le_v4SPD16_eabi.lib</file>
         <name>fd_cmp_t2.asm.obj</name>
      </input_file>
      <input_file id="fl-dd">
         <path>/Applications/ti/ccs1250/ccs/tools/compiler/ti-cgt-arm_20.2.7.LTS/lib/</path>
         <kind>archive</kind>
         <file>rtsv7M4_T_le_v4SPD16_eabi.lib</file>
         <name>fd_mul_t2.asm.obj</name>
      </input_file>
      <input_file id="fl-de">
         <path>/Applications/ti/ccs1250/ccs/tools/compiler/ti-cgt-arm_20.2.7.LTS/lib/</path>
         <kind>archive</kind>
         <file>rtsv7M4_T_le_v4SPD16_eabi.lib</file>
         <name>fd_toi_t2.asm.obj</name>
      </input_file>
      <input_file id="fl-df">
         <path>/Applications/ti/ccs1250/ccs/tools/compiler/ti-cgt-arm_20.2.7.LTS/lib/</path>
         <kind>archive</kind>
         <file>rtsv7M4_T_le_v4SPD16_eabi.lib</file>
         <name>memset_t2.asm.obj</name>
      </input_file>
      <input_file id="fl-e0">
         <path>/Applications/ti/ccs1250/ccs/tools/compiler/ti-cgt-arm_20.2.7.LTS/lib/</path>
         <kind>archive</kind>
         <file>rtsv7M4_T_le_v4SPD16_eabi.lib</file>
         <name>ull_div_t2.asm.obj</name>
      </input_file>
      <input_file id="fl-e1">
         <path>/Applications/ti/ccs1250/ccs/tools/compiler/ti-cgt-arm_20.2.7.LTS/lib/</path>
         <kind>archive</kind>
         <file>rtsv7M4_T_le_v4SPD16_eabi.lib</file>
         <name>autoinit.c.obj</name>
      </input_file>
      <input_file id="fl-e2">
         <path>/Applications/ti/ccs1250/ccs/tools/compiler/ti-cgt-arm_20.2.7.LTS/lib/</path>
         <kind>archive</kind>
         <file>rtsv7M4_T_le_v4SPD16_eabi.lib</file>
         <name>pre_init.c.obj</name>
      </input_file>
      <input_file id="fl-e3">
         <path>/Applications/ti/ccs1250/ccs/tools/compiler/ti-cgt-arm_20.2.7.LTS/lib/</path>
         <kind>archive</kind>
         <file>rtsv7M4_T_le_v4SPD16_eabi.lib</file>
         <name>cpy_tbl.c.obj</name>
      </input_file>
      <input_file id="fl-e4">
         <path>/Applications/ti/ccs1250/ccs/tools/compiler/ti-cgt-arm_20.2.7.LTS/lib/</path>
         <kind>archive</kind>
         <file>rtsv7M4_T_le_v4SPD16_eabi.lib</file>
         <name>exit.c.obj</name>
      </input_file>
      <input_file id="fl-e5">
         <path>/Applications/ti/ccs1250/ccs/tools/compiler/ti-cgt-arm_20.2.7.LTS/lib/</path>
         <kind>archive</kind>
         <file>rtsv7M4_T_le_v4SPD16_eabi.lib</file>
         <name>_lock.c.obj</name>
      </input_file>
      <input_file id="fl-e6">
         <path>/Applications/ti/ccs1250/ccs/tools/compiler/ti-cgt-arm_20.2.7.LTS/lib/</path>
         <kind>archive</kind>
         <file>rtsv7M4_T_le_v4SPD16_eabi.lib</file>
         <name>_ltoa.c.obj</name>
      </input_file>
      <input_file id="fl-e7">
         <path>/Applications/ti/ccs1250/ccs/tools/compiler/ti-cgt-arm_20.2.7.LTS/lib/</path>
         <kind>archive</kind>
         <file>rtsv7M4_T_le_v4SPD16_eabi.lib</file>
         <name>args_main.c.obj</name>
      </input_file>
      <input_file id="fl-e8">
         <path>/Applications/ti/ccs1250/ccs/tools/compiler/ti-cgt-arm_20.2.7.LTS/lib/</path>
         <kind>archive</kind>
         <file>rtsv7M4_T_le_v4SPD16_eabi.lib</file>
         <name>atoi.c.obj</name>
      </input_file>
      <input_file id="fl-e9">
         <path>/Applications/ti/ccs1250/ccs/tools/compiler/ti-cgt-arm_20.2.7.LTS/lib/</path>
         <kind>archive</kind>
         <file>rtsv7M4_T_le_v4SPD16_eabi.lib</file>
         <name>ctype.c.obj</name>
      </input_file>
      <input_file id="fl-ea">
         <path>/Applications/ti/ccs1250/ccs/tools/compiler/ti-cgt-arm_20.2.7.LTS/lib/</path>
         <kind>archive</kind>
         <file>rtsv7M4_T_le_v4SPD16_eabi.lib</file>
         <name>memccpy.c.obj</name>
      </input_file>
      <input_file id="fl-eb">
         <path>/Applications/ti/ccs1250/ccs/tools/compiler/ti-cgt-arm_20.2.7.LTS/lib/</path>
         <kind>archive</kind>
         <file>rtsv7M4_T_le_v4SPD16_eabi.lib</file>
         <name>strchr.c.obj</name>
      </input_file>
      <input_file id="fl-ec">
         <path>/Applications/ti/ccs1250/ccs/tools/compiler/ti-cgt-arm_20.2.7.LTS/lib/</path>
         <kind>archive</kind>
         <file>rtsv7M4_T_le_v4SPD16_eabi.lib</file>
         <name>strlen.c.obj</name>
      </input_file>
      <input_file id="fl-ed">
         <path>/Applications/ti/ccs1250/ccs/tools/compiler/ti-cgt-arm_20.2.7.LTS/lib/</path>
         <kind>archive</kind>
         <file>rtsv7M4_T_le_v4SPD16_eabi.lib</file>
         <name>errno.c.obj</name>
      </input_file>
      <input_file id="fl-ee">
         <path>/Applications/ti/ccs1250/ccs/tools/compiler/ti-cgt-arm_20.2.7.LTS/lib/</path>
         <kind>archive</kind>
         <file>rtsv7M4_T_le_v4SPD16_eabi.lib</file>
         <name>wcslen.c.obj</name>
      </input_file>
      <input_file id="fl-ef">
         <path>/Applications/ti/ccs1250/ccs/tools/compiler/ti-cgt-arm_20.2.7.LTS/lib/</path>
         <kind>archive</kind>
         <file>rtsv7M4_T_le_v4SPD16_eabi.lib</file>
         <name>s_frexp.c.obj</name>
      </input_file>
      <input_file id="fl-f0">
         <path>/Applications/ti/ccs1250/ccs/tools/compiler/ti-cgt-arm_20.2.7.LTS/lib/</path>
         <kind>archive</kind>
         <file>rtsv7M4_T_le_v4SPD16_eabi.lib</file>
         <name>s_scalbn.c.obj</name>
      </input_file>
      <input_file id="fl-f1">
         <path>/Applications/ti/ccs1250/ccs/tools/compiler/ti-cgt-arm_20.2.7.LTS/lib/</path>
         <kind>archive</kind>
         <file>rtsv7M4_T_le_v4SPD16_eabi.lib</file>
         <name>div0.asm.obj</name>
      </input_file>
      <input_file id="fl-f2">
         <path>/Applications/ti/ccs1250/ccs/tools/compiler/ti-cgt-arm_20.2.7.LTS/lib/</path>
         <kind>archive</kind>
         <file>rtsv7M4_T_le_v4SPD16_eabi.lib</file>
         <name>s_copysign.c.obj</name>
      </input_file>
      <input_file id="fl-f3">
         <path>/Library/simplelink_msp432p4_sdk_3_40_01_02/source/ti/grlib/lib/ccs/m4/</path>
         <kind>archive</kind>
         <file>grlib.a</file>
         <name>context.obj</name>
      </input_file>
      <input_file id="fl-f4">
         <path>/Library/simplelink_msp432p4_sdk_3_40_01_02/source/ti/grlib/lib/ccs/m4/</path>
         <kind>archive</kind>
         <file>grlib.a</file>
         <name>display.obj</name>
      </input_file>
      <input_file id="fl-f5">
         <path>/Library/simplelink_msp432p4_sdk_3_40_01_02/source/ti/grlib/lib/ccs/m4/</path>
         <kind>archive</kind>
         <file>grlib.a</file>
         <name>fontfixed6x8.obj</name>
      </input_file>
      <input_file id="fl-f6">
         <path>/Library/simplelink_msp432p4_sdk_3_40_01_02/source/ti/grlib/lib/ccs/m4/</path>
         <kind>archive</kind>
         <file>grlib.a</file>
         <name>string.obj</name>
      </input_file>
      <input_file id="fl-f7">
         <path>/Library/simplelink_msp432p4_sdk_3_40_01_02/source/ti/grlib/lib/ccs/m4/</path>
         <kind>archive</kind>
         <file>grlib.a</file>
         <name>line.obj</name>
      </input_file>
   </input_file_list>
   <object_component_list>
      <object_component id="oc-26">
         <name>.intvecs:retain</name>
         <load_address>0x0</load_address>
         <run_address>0x0</run_address>
         <size>0xe4</size>
         <input_file_ref idref="fl-5"/>
      </object_component>
      <object_component id="oc-28e">
         <name>.text:__TI_printfi</name>
         <load_address>0xe4</load_address>
         <run_address>0xe4</run_address>
         <size>0xa4e</size>
         <input_file_ref idref="fl-db"/>
      </object_component>
      <object_component id="oc-4dc">
         <name>.text</name>
         <load_address>0xb32</load_address>
         <run_address>0xb32</run_address>
         <size>0x2</size>
         <input_file_ref idref="fl-f1"/>
      </object_component>
      <object_component id="oc-e1">
         <name>.text</name>
         <load_address>0xb34</load_address>
         <run_address>0xb34</run_address>
         <size>0x680</size>
         <input_file_ref idref="fl-7"/>
      </object_component>
      <object_component id="oc-2ad">
         <name>.text:Graphics_drawString</name>
         <load_address>0x11b4</load_address>
         <run_address>0x11b4</run_address>
         <size>0x47e</size>
         <input_file_ref idref="fl-f6"/>
      </object_component>
      <object_component id="oc-93">
         <name>.text</name>
         <load_address>0x1634</load_address>
         <run_address>0x1634</run_address>
         <size>0x348</size>
         <input_file_ref idref="fl-4"/>
      </object_component>
      <object_component id="oc-a5">
         <name>.text</name>
         <load_address>0x197c</load_address>
         <run_address>0x197c</run_address>
         <size>0x334</size>
         <input_file_ref idref="fl-6"/>
      </object_component>
      <object_component id="oc-3a7">
         <name>.text:_pconv_a</name>
         <load_address>0x1cb0</load_address>
         <run_address>0x1cb0</run_address>
         <size>0x270</size>
         <input_file_ref idref="fl-db"/>
      </object_component>
      <object_component id="oc-395">
         <name>.text:_pconv_g</name>
         <load_address>0x1f20</load_address>
         <run_address>0x1f20</run_address>
         <size>0x1d0</size>
         <input_file_ref idref="fl-db"/>
      </object_component>
      <object_component id="oc-274">
         <name>.text</name>
         <load_address>0x20f0</load_address>
         <run_address>0x20f0</run_address>
         <size>0x1b6</size>
         <input_file_ref idref="fl-d3"/>
      </object_component>
      <object_component id="oc-105">
         <name>.text</name>
         <load_address>0x22a8</load_address>
         <run_address>0x22a8</run_address>
         <size>0x194</size>
         <input_file_ref idref="fl-2"/>
      </object_component>
      <object_component id="oc-10b">
         <name>.text</name>
         <load_address>0x243c</load_address>
         <run_address>0x243c</run_address>
         <size>0x17c</size>
         <input_file_ref idref="fl-3"/>
      </object_component>
      <object_component id="oc-431">
         <name>.text:__PCM_setPowerModeAdvanced</name>
         <load_address>0x25b8</load_address>
         <run_address>0x25b8</run_address>
         <size>0x15c</size>
         <input_file_ref idref="fl-15"/>
      </object_component>
      <object_component id="oc-1bf">
         <name>.text:privateTimer_AProcessClockSourceDivider</name>
         <load_address>0x2714</load_address>
         <run_address>0x2714</run_address>
         <size>0x144</size>
         <input_file_ref idref="fl-1a"/>
      </object_component>
      <object_component id="oc-3a1">
         <name>.text:_pconv_e</name>
         <load_address>0x2858</load_address>
         <run_address>0x2858</run_address>
         <size>0x13c</size>
         <input_file_ref idref="fl-db"/>
      </object_component>
      <object_component id="oc-26f">
         <name>.text</name>
         <load_address>0x2994</load_address>
         <run_address>0x2994</run_address>
         <size>0x136</size>
         <input_file_ref idref="fl-d4"/>
      </object_component>
      <object_component id="oc-135">
         <name>.text:CS_initClockSignal</name>
         <load_address>0x2acc</load_address>
         <run_address>0x2acc</run_address>
         <size>0x130</size>
         <input_file_ref idref="fl-10"/>
      </object_component>
      <object_component id="oc-468">
         <name>.text:fcvt</name>
         <load_address>0x2bfc</load_address>
         <run_address>0x2bfc</run_address>
         <size>0x124</size>
         <input_file_ref idref="fl-db"/>
      </object_component>
      <object_component id="oc-47c">
         <name>.text:scalbn</name>
         <load_address>0x2d20</load_address>
         <run_address>0x2d20</run_address>
         <size>0x110</size>
         <input_file_ref idref="fl-f0"/>
      </object_component>
      <object_component id="oc-284">
         <name>.text:__PCM_setCoreVoltageLevelAdvanced</name>
         <load_address>0x2e30</load_address>
         <run_address>0x2e30</run_address>
         <size>0x108</size>
         <input_file_ref idref="fl-15"/>
      </object_component>
      <object_component id="oc-446">
         <name>.text</name>
         <load_address>0x2f38</load_address>
         <run_address>0x2f38</run_address>
         <size>0xfc</size>
         <input_file_ref idref="fl-dd"/>
      </object_component>
      <object_component id="oc-2a7">
         <name>.text:Graphics_getStringWidth</name>
         <load_address>0x3034</load_address>
         <run_address>0x3034</run_address>
         <size>0xfa</size>
         <input_file_ref idref="fl-f6"/>
      </object_component>
      <object_component id="oc-1ca">
         <name>.text</name>
         <load_address>0x3130</load_address>
         <run_address>0x3130</run_address>
         <size>0xcc</size>
         <input_file_ref idref="fl-8"/>
      </object_component>
      <object_component id="oc-38a">
         <name>.text:_ltostr</name>
         <load_address>0x31fc</load_address>
         <run_address>0x31fc</run_address>
         <size>0xb1</size>
         <input_file_ref idref="fl-db"/>
      </object_component>
      <object_component id="oc-321">
         <name>.text:SPI_initMaster</name>
         <load_address>0x32ae</load_address>
         <run_address>0x32ae</run_address>
         <size>0xb0</size>
         <input_file_ref idref="fl-17"/>
      </object_component>
      <object_component id="oc-3d6">
         <name>.text:Graphics_drawLineH</name>
         <load_address>0x335e</load_address>
         <run_address>0x335e</run_address>
         <size>0x9c</size>
         <input_file_ref idref="fl-f7"/>
      </object_component>
      <object_component id="oc-37">
         <name>.text</name>
         <load_address>0x33fa</load_address>
         <run_address>0x33fa</run_address>
         <size>0x9c</size>
         <input_file_ref idref="fl-d6"/>
      </object_component>
      <object_component id="oc-43f">
         <name>.text</name>
         <load_address>0x3496</load_address>
         <run_address>0x3496</run_address>
         <size>0x96</size>
         <input_file_ref idref="fl-e0"/>
      </object_component>
      <object_component id="oc-c3">
         <name>.text:GPIO_setAsPeripheralModuleFunctionOutputPin</name>
         <load_address>0x352c</load_address>
         <run_address>0x352c</run_address>
         <size>0x88</size>
         <input_file_ref idref="fl-12"/>
      </object_component>
      <object_component id="oc-390">
         <name>.text:__aeabi_cdcmple</name>
         <load_address>0x35b4</load_address>
         <run_address>0x35b4</run_address>
         <size>0x86</size>
         <input_file_ref idref="fl-dc"/>
      </object_component>
      <object_component id="oc-44b">
         <name>.text:__aeabi_cdrcmple</name>
         <load_address>0x363a</load_address>
         <run_address>0x363a</run_address>
         <size>0x86</size>
         <input_file_ref idref="fl-dc"/>
      </object_component>
      <object_component id="oc-248">
         <name>.text:I2C_masterSendSingleByte</name>
         <load_address>0x36c0</load_address>
         <run_address>0x36c0</run_address>
         <size>0x84</size>
         <input_file_ref idref="fl-13"/>
      </object_component>
      <object_component id="oc-87">
         <name>.text</name>
         <load_address>0x3744</load_address>
         <run_address>0x3744</run_address>
         <size>0x7a</size>
         <input_file_ref idref="fl-df"/>
      </object_component>
      <object_component id="oc-24e">
         <name>.text:I2C_masterReceiveSingleByte</name>
         <load_address>0x37c0</load_address>
         <run_address>0x37c0</run_address>
         <size>0x70</size>
         <input_file_ref idref="fl-13"/>
      </object_component>
      <object_component id="oc-461">
         <name>.text:_mcpy</name>
         <load_address>0x3830</load_address>
         <run_address>0x3830</run_address>
         <size>0x6e</size>
         <input_file_ref idref="fl-db"/>
      </object_component>
      <object_component id="oc-25a">
         <name>.text:I2C_masterSendMultiByteFinish</name>
         <load_address>0x38a0</load_address>
         <run_address>0x38a0</run_address>
         <size>0x6c</size>
         <input_file_ref idref="fl-13"/>
      </object_component>
      <object_component id="oc-224">
         <name>.text:I2C_masterSendMultiByteStart</name>
         <load_address>0x390c</load_address>
         <run_address>0x390c</run_address>
         <size>0x68</size>
         <input_file_ref idref="fl-13"/>
      </object_component>
      <object_component id="oc-c9">
         <name>.text:Timer_A_configureUpMode</name>
         <load_address>0x3974</load_address>
         <run_address>0x3974</run_address>
         <size>0x68</size>
         <input_file_ref idref="fl-1a"/>
      </object_component>
      <object_component id="oc-17">
         <name>.text:decompress:lzss:__TI_decompress_lzss</name>
         <load_address>0x39dc</load_address>
         <run_address>0x39dc</run_address>
         <size>0x68</size>
         <input_file_ref idref="fl-d9"/>
      </object_component>
      <object_component id="oc-476">
         <name>.text:frexp</name>
         <load_address>0x3a44</load_address>
         <run_address>0x3a44</run_address>
         <size>0x64</size>
         <input_file_ref idref="fl-ef"/>
      </object_component>
      <object_component id="oc-200">
         <name>.text:I2C_initMaster</name>
         <load_address>0x3aa8</load_address>
         <run_address>0x3aa8</run_address>
         <size>0x62</size>
         <input_file_ref idref="fl-13"/>
      </object_component>
      <object_component id="oc-36b">
         <name>.text:PCM_getCoreVoltageLevel</name>
         <load_address>0x3b0a</load_address>
         <run_address>0x3b0a</run_address>
         <size>0x5e</size>
         <input_file_ref idref="fl-15"/>
      </object_component>
      <object_component id="oc-365">
         <name>.text:PCM_getPowerMode</name>
         <load_address>0x3b68</load_address>
         <run_address>0x3b68</run_address>
         <size>0x5a</size>
         <input_file_ref idref="fl-15"/>
      </object_component>
      <object_component id="oc-39b">
         <name>.text:_pconv_f</name>
         <load_address>0x3bc2</load_address>
         <run_address>0x3bc2</run_address>
         <size>0x56</size>
         <input_file_ref idref="fl-db"/>
      </object_component>
      <object_component id="oc-455">
         <name>.text:__TI_ltoa</name>
         <load_address>0x3c18</load_address>
         <run_address>0x3c18</run_address>
         <size>0x54</size>
         <input_file_ref idref="fl-e6"/>
      </object_component>
      <object_component id="oc-e7">
         <name>.text:Graphics_initContext</name>
         <load_address>0x3c6c</load_address>
         <run_address>0x3c6c</run_address>
         <size>0x52</size>
         <input_file_ref idref="fl-f3"/>
      </object_component>
      <object_component id="oc-45b">
         <name>.text:_ecpy</name>
         <load_address>0x3cbe</load_address>
         <run_address>0x3cbe</run_address>
         <size>0x52</size>
         <input_file_ref idref="fl-db"/>
      </object_component>
      <object_component id="oc-d5">
         <name>.text:Timer_A_initCompare</name>
         <load_address>0x3d10</load_address>
         <run_address>0x3d10</run_address>
         <size>0x4e</size>
         <input_file_ref idref="fl-1a"/>
      </object_component>
      <object_component id="oc-384">
         <name>.text:atoi</name>
         <load_address>0x3d60</load_address>
         <run_address>0x3d60</run_address>
         <size>0x4c</size>
         <input_file_ref idref="fl-e8"/>
      </object_component>
      <object_component id="oc-129">
         <name>.text:FlashCtl_setWaitState</name>
         <load_address>0x3dac</load_address>
         <run_address>0x3dac</run_address>
         <size>0x48</size>
         <input_file_ref idref="fl-11"/>
      </object_component>
      <object_component id="oc-141">
         <name>.text:Graphics_drawStringCentered</name>
         <load_address>0x3df4</load_address>
         <run_address>0x3df4</run_address>
         <size>0x48</size>
         <input_file_ref idref="fl-f6"/>
      </object_component>
      <object_component id="oc-450">
         <name>.text</name>
         <load_address>0x3e3c</load_address>
         <run_address>0x3e3c</run_address>
         <size>0x48</size>
         <input_file_ref idref="fl-de"/>
      </object_component>
      <object_component id="oc-170">
         <name>.text:__TI_auto_init_nobinit_nopinit:__TI_auto_init_nobinit_nopinit</name>
         <load_address>0x3e84</load_address>
         <run_address>0x3e84</run_address>
         <size>0x44</size>
         <input_file_ref idref="fl-e1"/>
      </object_component>
      <object_component id="oc-111">
         <name>.text:GPIO_setAsOutputPin</name>
         <load_address>0x3ec8</load_address>
         <run_address>0x3ec8</run_address>
         <size>0x40</size>
         <input_file_ref idref="fl-12"/>
      </object_component>
      <object_component id="oc-3d0">
         <name>.text:Graphics_getNumberOfLeadingZeros</name>
         <load_address>0x3f08</load_address>
         <run_address>0x3f08</run_address>
         <size>0x40</size>
         <input_file_ref idref="fl-f6"/>
      </object_component>
      <object_component id="oc-242">
         <name>.text:I2C_masterReceiveMultiByteFinish</name>
         <load_address>0x3f48</load_address>
         <run_address>0x3f48</run_address>
         <size>0x40</size>
         <input_file_ref idref="fl-13"/>
      </object_component>
      <object_component id="oc-40d">
         <name>.text:is_A_Module</name>
         <load_address>0x3f88</load_address>
         <run_address>0x3f88</run_address>
         <size>0x40</size>
         <input_file_ref idref="fl-17"/>
      </object_component>
      <object_component id="oc-13b">
         <name>.text:sprintf</name>
         <load_address>0x3fc8</load_address>
         <run_address>0x3fc8</run_address>
         <size>0x40</size>
         <input_file_ref idref="fl-d2"/>
      </object_component>
      <object_component id="oc-46e">
         <name>.text:_fcpy</name>
         <load_address>0x4008</load_address>
         <run_address>0x4008</run_address>
         <size>0x3e</size>
         <input_file_ref idref="fl-db"/>
      </object_component>
      <object_component id="oc-230">
         <name>.text:I2C_masterSendMultiByteStop</name>
         <load_address>0x4048</load_address>
         <run_address>0x4048</run_address>
         <size>0x38</size>
         <input_file_ref idref="fl-13"/>
      </object_component>
      <object_component id="oc-4a9">
         <name>.text:Graphics_drawHorizontalLineOnDisplay</name>
         <load_address>0x4080</load_address>
         <run_address>0x4080</run_address>
         <size>0x36</size>
         <input_file_ref idref="fl-f4"/>
      </object_component>
      <object_component id="oc-12f">
         <name>.text:CS_setDCOCenteredFrequency</name>
         <load_address>0x40b8</load_address>
         <run_address>0x40b8</run_address>
         <size>0x34</size>
         <input_file_ref idref="fl-10"/>
      </object_component>
      <object_component id="oc-254">
         <name>.text:I2C_masterSendMultiByteNext</name>
         <load_address>0x40ec</load_address>
         <run_address>0x40ec</run_address>
         <size>0x34</size>
         <input_file_ref idref="fl-13"/>
      </object_component>
      <object_component id="oc-55">
         <name>.text:_c_int00_noargs:_c_int00_noargs</name>
         <load_address>0x4120</load_address>
         <run_address>0x4120</run_address>
         <size>0x34</size>
         <input_file_ref idref="fl-da"/>
      </object_component>
      <object_component id="oc-26a">
         <name>.text</name>
         <load_address>0x4154</load_address>
         <run_address>0x4154</run_address>
         <size>0x2e</size>
         <input_file_ref idref="fl-d5"/>
      </object_component>
      <object_component id="oc-3dc">
         <name>.text:Graphics_drawPixelOnDisplay</name>
         <load_address>0x4182</load_address>
         <run_address>0x4182</run_address>
         <size>0x2c</size>
         <input_file_ref idref="fl-f4"/>
      </object_component>
      <object_component id="oc-1d6">
         <name>.text:GPIO_setOutputHighOnPin</name>
         <load_address>0x41b0</load_address>
         <run_address>0x41b0</run_address>
         <size>0x28</size>
         <input_file_ref idref="fl-12"/>
      </object_component>
      <object_component id="oc-1d0">
         <name>.text:GPIO_setOutputLowOnPin</name>
         <load_address>0x41d8</load_address>
         <run_address>0x41d8</run_address>
         <size>0x28</size>
         <input_file_ref idref="fl-12"/>
      </object_component>
      <object_component id="oc-db">
         <name>.text:Timer_A_setCompareValue</name>
         <load_address>0x4200</load_address>
         <run_address>0x4200</run_address>
         <size>0x28</size>
         <input_file_ref idref="fl-1a"/>
      </object_component>
      <object_component id="oc-117">
         <name>.text:WDT_A_holdTimer</name>
         <load_address>0x4228</load_address>
         <run_address>0x4228</run_address>
         <size>0x24</size>
         <input_file_ref idref="fl-1b"/>
      </object_component>
      <object_component id="oc-212">
         <name>.text:I2C_setMode</name>
         <load_address>0x424c</load_address>
         <run_address>0x424c</run_address>
         <size>0x1c</size>
         <input_file_ref idref="fl-13"/>
      </object_component>
      <object_component id="oc-327">
         <name>.text:SPI_enableModule</name>
         <load_address>0x4268</load_address>
         <run_address>0x4268</run_address>
         <size>0x1c</size>
         <input_file_ref idref="fl-17"/>
      </object_component>
      <object_component id="oc-43">
         <name>.text:decompress:ZI:__TI_zero_init_nomemset:__TI_zero_init_nomemset</name>
         <load_address>0x4284</load_address>
         <run_address>0x4284</run_address>
         <size>0x1c</size>
         <input_file_ref idref="fl-d7"/>
      </object_component>
      <object_component id="oc-3ad">
         <name>.text:memccpy</name>
         <load_address>0x42a0</load_address>
         <run_address>0x42a0</run_address>
         <size>0x1c</size>
         <input_file_ref idref="fl-ea"/>
      </object_component>
      <object_component id="oc-1f9">
         <name>.text:Graphics_clearDisplayOnDisplay</name>
         <load_address>0x42bc</load_address>
         <run_address>0x42bc</run_address>
         <size>0x1a</size>
         <input_file_ref idref="fl-f4"/>
      </object_component>
      <object_component id="oc-f3">
         <name>.text:Graphics_setBackgroundColor</name>
         <load_address>0x42d6</load_address>
         <run_address>0x42d6</run_address>
         <size>0x1a</size>
         <input_file_ref idref="fl-f3"/>
      </object_component>
      <object_component id="oc-f9">
         <name>.text:Graphics_setFont</name>
         <load_address>0x42f0</load_address>
         <run_address>0x42f0</run_address>
         <size>0x1a</size>
         <input_file_ref idref="fl-f3"/>
      </object_component>
      <object_component id="oc-236">
         <name>.text:I2C_masterReceiveStart</name>
         <load_address>0x430a</load_address>
         <run_address>0x430a</run_address>
         <size>0x1a</size>
         <input_file_ref idref="fl-13"/>
      </object_component>
      <object_component id="oc-4f2">
         <name>.text:copysign</name>
         <load_address>0x4324</load_address>
         <run_address>0x4324</run_address>
         <size>0x1a</size>
         <input_file_ref idref="fl-f2"/>
      </object_component>
      <object_component id="oc-22a">
         <name>.text:I2C_getInterruptStatus</name>
         <load_address>0x433e</load_address>
         <run_address>0x433e</run_address>
         <size>0x18</size>
         <input_file_ref idref="fl-13"/>
      </object_component>
      <object_component id="oc-21e">
         <name>.text:I2C_isBusBusy</name>
         <load_address>0x4358</load_address>
         <run_address>0x4358</run_address>
         <size>0x18</size>
         <input_file_ref idref="fl-13"/>
      </object_component>
      <object_component id="oc-294">
         <name>.text:_outs</name>
         <load_address>0x4370</load_address>
         <run_address>0x4370</run_address>
         <size>0x18</size>
         <input_file_ref idref="fl-d2"/>
      </object_component>
      <object_component id="oc-415">
         <name>.text:EUSCI_A_SPI_enable</name>
         <load_address>0x4388</load_address>
         <run_address>0x4388</run_address>
         <size>0x16</size>
         <input_file_ref idref="fl-17"/>
      </object_component>
      <object_component id="oc-41b">
         <name>.text:EUSCI_B_SPI_enable</name>
         <load_address>0x439e</load_address>
         <run_address>0x439e</run_address>
         <size>0x16</size>
         <input_file_ref idref="fl-17"/>
      </object_component>
      <object_component id="oc-ed">
         <name>.text:Graphics_setForegroundColor</name>
         <load_address>0x43b4</load_address>
         <run_address>0x43b4</run_address>
         <size>0x16</size>
         <input_file_ref idref="fl-f3"/>
      </object_component>
      <object_component id="oc-1f0">
         <name>.text:Graphics_translateColorOnDisplay</name>
         <load_address>0x43ca</load_address>
         <run_address>0x43ca</run_address>
         <size>0x16</size>
         <input_file_ref idref="fl-f4"/>
      </object_component>
      <object_component id="oc-218">
         <name>.text:I2C_clearInterruptFlag</name>
         <load_address>0x43e0</load_address>
         <run_address>0x43e0</run_address>
         <size>0x16</size>
         <input_file_ref idref="fl-13"/>
      </object_component>
      <object_component id="oc-206">
         <name>.text:I2C_disableModule</name>
         <load_address>0x43f6</load_address>
         <run_address>0x43f6</run_address>
         <size>0x16</size>
         <input_file_ref idref="fl-13"/>
      </object_component>
      <object_component id="oc-20c">
         <name>.text:I2C_enableModule</name>
         <load_address>0x440c</load_address>
         <run_address>0x440c</run_address>
         <size>0x16</size>
         <input_file_ref idref="fl-13"/>
      </object_component>
      <object_component id="oc-cf">
         <name>.text:Timer_A_startCounter</name>
         <load_address>0x4422</load_address>
         <run_address>0x4422</run_address>
         <size>0x16</size>
         <input_file_ref idref="fl-1a"/>
      </object_component>
      <object_component id="oc-482">
         <name>.text:strchr</name>
         <load_address>0x4438</load_address>
         <run_address>0x4438</run_address>
         <size>0x16</size>
         <input_file_ref idref="fl-eb"/>
      </object_component>
      <object_component id="oc-23c">
         <name>.text:I2C_masterReceiveMultiByteNext</name>
         <load_address>0x444e</load_address>
         <run_address>0x444e</run_address>
         <size>0x14</size>
         <input_file_ref idref="fl-13"/>
      </object_component>
      <object_component id="oc-260">
         <name>.text:I2C_setSlaveAddress</name>
         <load_address>0x4462</load_address>
         <run_address>0x4462</run_address>
         <size>0x14</size>
         <input_file_ref idref="fl-13"/>
      </object_component>
      <object_component id="oc-371">
         <name>.text:PCM_getPowerState</name>
         <load_address>0x4478</load_address>
         <run_address>0x4478</run_address>
         <size>0x14</size>
         <input_file_ref idref="fl-15"/>
      </object_component>
      <object_component id="oc-37e">
         <name>.text:strlen</name>
         <load_address>0x448c</load_address>
         <run_address>0x448c</run_address>
         <size>0x14</size>
         <input_file_ref idref="fl-ec"/>
      </object_component>
      <object_component id="oc-ff">
         <name>.text:Graphics_clearDisplay</name>
         <load_address>0x44a0</load_address>
         <run_address>0x44a0</run_address>
         <size>0x12</size>
         <input_file_ref idref="fl-f3"/>
      </object_component>
      <object_component id="oc-3b3">
         <name>.text:wcslen</name>
         <load_address>0x44b2</load_address>
         <run_address>0x44b2</run_address>
         <size>0x12</size>
         <input_file_ref idref="fl-ee"/>
      </object_component>
      <object_component id="oc-11d">
         <name>.text:Interrupt_disableMaster</name>
         <load_address>0x44c4</load_address>
         <run_address>0x44c4</run_address>
         <size>0x10</size>
         <input_file_ref idref="fl-14"/>
      </object_component>
      <object_component id="oc-123">
         <name>.text:PCM_setCoreVoltageLevel</name>
         <load_address>0x44d4</load_address>
         <run_address>0x44d4</run_address>
         <size>0x10</size>
         <input_file_ref idref="fl-15"/>
      </object_component>
      <object_component id="oc-377">
         <name>.text:PCM_setPowerMode</name>
         <load_address>0x44e4</load_address>
         <run_address>0x44e4</run_address>
         <size>0x10</size>
         <input_file_ref idref="fl-15"/>
      </object_component>
      <object_component id="oc-1d">
         <name>.text:decompress:none:__TI_decompress_none</name>
         <load_address>0x44f4</load_address>
         <run_address>0x44f4</run_address>
         <size>0xe</size>
         <input_file_ref idref="fl-d8"/>
      </object_component>
      <object_component id="oc-67">
         <name>.text</name>
         <load_address>0x4502</load_address>
         <run_address>0x4502</run_address>
         <size>0xe</size>
         <input_file_ref idref="fl-5"/>
      </object_component>
      <object_component id="oc-27d">
         <name>.text:CPU_cpsid</name>
         <load_address>0x4510</load_address>
         <run_address>0x4510</run_address>
         <size>0xc</size>
         <input_file_ref idref="fl-1c"/>
      </object_component>
      <object_component id="oc-29a">
         <name>.text:_outc</name>
         <load_address>0x451c</load_address>
         <run_address>0x451c</run_address>
         <size>0xa</size>
         <input_file_ref idref="fl-d2"/>
      </object_component>
      <object_component id="oc-3b9">
         <name>.text:__aeabi_errno_addr</name>
         <load_address>0x4528</load_address>
         <run_address>0x4528</run_address>
         <size>0x8</size>
         <input_file_ref idref="fl-ed"/>
      </object_component>
      <object_component id="oc-8d">
         <name>.text:_system_pre_init</name>
         <load_address>0x4530</load_address>
         <run_address>0x4530</run_address>
         <size>0x4</size>
         <input_file_ref idref="fl-e2"/>
      </object_component>
      <object_component id="oc-164">
         <name>.text:abort:abort</name>
         <load_address>0x4534</load_address>
         <run_address>0x4534</run_address>
         <size>0x4</size>
         <input_file_ref idref="fl-e4"/>
      </object_component>
      <object_component id="oc-2d3">
         <name>.const:.string:g_pucFontFixed6x8Data</name>
         <load_address>0x4538</load_address>
         <run_address>0x4538</run_address>
         <size>0x2f8</size>
         <input_file_ref idref="fl-f5"/>
      </object_component>
      <object_component id="oc-43a">
         <name>.const:.string:_ctypes_</name>
         <load_address>0x4830</load_address>
         <run_address>0x4830</run_address>
         <size>0x101</size>
         <input_file_ref idref="fl-e9"/>
      </object_component>
      <object_component id="oc-156">
         <name>.const:g_sFontFixed6x8</name>
         <load_address>0x4934</load_address>
         <run_address>0x4934</run_address>
         <size>0xc8</size>
         <input_file_ref idref="fl-f5"/>
      </object_component>
      <object_component id="oc-1b1">
         <name>.const:GPIO_PORT_TO_BASE</name>
         <load_address>0x49fc</load_address>
         <run_address>0x49fc</run_address>
         <size>0x30</size>
         <input_file_ref idref="fl-12"/>
      </object_component>
      <object_component id="oc-153">
         <name>.const:g_sCrystalfontz128x128_funcs</name>
         <load_address>0x4a2c</load_address>
         <run_address>0x4a2c</run_address>
         <size>0x20</size>
         <input_file_ref idref="fl-7"/>
      </object_component>
      <object_component id="oc-32d">
         <name>.const:$P$T0$1</name>
         <load_address>0x4a4c</load_address>
         <run_address>0x4a4c</run_address>
         <size>0x1c</size>
         <input_file_ref idref="fl-8"/>
      </object_component>
      <object_component id="oc-147">
         <name>.const:upConfig</name>
         <load_address>0x4a68</load_address>
         <run_address>0x4a68</run_address>
         <size>0x18</size>
         <input_file_ref idref="fl-4"/>
      </object_component>
      <object_component id="oc-266">
         <name>.const:i2cConfig</name>
         <load_address>0x4a80</load_address>
         <run_address>0x4a80</run_address>
         <size>0x14</size>
         <input_file_ref idref="fl-2"/>
      </object_component>
      <object_component id="oc-1e5">
         <name>.const:$P$T0$1</name>
         <load_address>0x4a94</load_address>
         <run_address>0x4a94</run_address>
         <size>0x8</size>
         <input_file_ref idref="fl-7"/>
      </object_component>
      <object_component id="oc-553">
         <name>.cinit..data.load</name>
         <load_address>0x4aa0</load_address>
         <run_address>0x4aa0</run_address>
         <size>0x1c</size>
      </object_component>
      <object_component id="oc-551">
         <name>__TI_handler_table</name>
         <load_address>0x4abc</load_address>
         <run_address>0x4abc</run_address>
         <size>0xc</size>
      </object_component>
      <object_component id="oc-554">
         <name>.cinit..bss.load</name>
         <load_address>0x4ac8</load_address>
         <run_address>0x4ac8</run_address>
         <size>0x8</size>
      </object_component>
      <object_component id="oc-552">
         <name>__TI_cinit_table</name>
         <load_address>0x4ad0</load_address>
         <run_address>0x4ad0</run_address>
         <size>0x10</size>
      </object_component>
      <object_component id="oc-525">
         <name>.binit</name>
         <load_address>0x0</load_address>
         <run_address>0x0</run_address>
         <size>0x0</size>
      </object_component>
      <object_component id="oc-14a">
         <name>.data:compareConfig_PWM</name>
         <load_address>0x2000004c</load_address>
         <run_address>0x2000004c</run_address>
         <size>0x10</size>
         <input_file_ref idref="fl-4"/>
      </object_component>
      <object_component id="oc-1a2">
         <name>.data</name>
         <load_address>0x20000070</load_address>
         <run_address>0x20000070</run_address>
         <size>0x4</size>
         <input_file_ref idref="fl-6"/>
      </object_component>
      <object_component id="oc-150">
         <name>.data:g_sCrystalfontz128x128</name>
         <load_address>0x2000005c</load_address>
         <run_address>0x2000005c</run_address>
         <size>0x10</size>
         <input_file_ref idref="fl-7"/>
      </object_component>
      <object_component id="oc-492">
         <name>.data</name>
         <load_address>0x2000006c</load_address>
         <run_address>0x2000006c</run_address>
         <size>0x4</size>
         <input_file_ref idref="fl-ed"/>
      </object_component>
      <object_component id="oc-14d">
         <name>.common:g_sContext</name>
         <uninitialized>true</uninitialized>
         <run_address>0x20000000</run_address>
         <size>0x1c</size>
      </object_component>
      <object_component id="oc-15a">
         <name>.common:xAcc</name>
         <uninitialized>true</uninitialized>
         <run_address>0x20000028</run_address>
         <size>0x8</size>
      </object_component>
      <object_component id="oc-15b">
         <name>.common:yAcc</name>
         <uninitialized>true</uninitialized>
         <run_address>0x20000030</run_address>
         <size>0x8</size>
      </object_component>
      <object_component id="oc-15c">
         <name>.common:zAcc</name>
         <uninitialized>true</uninitialized>
         <run_address>0x20000038</run_address>
         <size>0x8</size>
      </object_component>
      <object_component id="oc-15d">
         <name>.common:temp</name>
         <uninitialized>true</uninitialized>
         <run_address>0x20000020</run_address>
         <size>0x8</size>
      </object_component>
      <object_component id="oc-159">
         <name>.common:id</name>
         <uninitialized>true</uninitialized>
         <run_address>0x2000001c</run_address>
         <size>0x4</size>
      </object_component>
      <object_component id="oc-1e4">
         <name>.common:Lcd_Orientation</name>
         <uninitialized>true</uninitialized>
         <run_address>0x20000048</run_address>
         <size>0x1</size>
      </object_component>
      <object_component id="oc-1dc">
         <name>.common:Lcd_ScreenWidth</name>
         <uninitialized>true</uninitialized>
         <run_address>0x20000042</run_address>
         <size>0x2</size>
      </object_component>
      <object_component id="oc-1df">
         <name>.common:Lcd_ScreenHeigth</name>
         <uninitialized>true</uninitialized>
         <run_address>0x20000040</run_address>
         <size>0x2</size>
      </object_component>
      <object_component id="oc-1e0">
         <name>.common:Lcd_PenSolid</name>
         <uninitialized>true</uninitialized>
         <run_address>0x20000049</run_address>
         <size>0x1</size>
      </object_component>
      <object_component id="oc-1e1">
         <name>.common:Lcd_FontSolid</name>
         <uninitialized>true</uninitialized>
         <run_address>0x20000047</run_address>
         <size>0x1</size>
      </object_component>
      <object_component id="oc-1e2">
         <name>.common:Lcd_FlagRead</name>
         <uninitialized>true</uninitialized>
         <run_address>0x20000046</run_address>
         <size>0x1</size>
      </object_component>
      <object_component id="oc-1e3">
         <name>.common:Lcd_TouchTrim</name>
         <uninitialized>true</uninitialized>
         <run_address>0x20000044</run_address>
         <size>0x2</size>
      </object_component>
      <object_component id="oc-29">
         <name>.stack</name>
         <uninitialized>true</uninitialized>
         <run_address>0x2000fe00</run_address>
         <size>0x4</size>
         <input_file_ref idref="fl-da"/>
      </object_component>
      <object_component id="oc-556">
         <name>.stack</name>
         <uninitialized>true</uninitialized>
         <run_address>0x2000fe00</run_address>
         <size>0x0</size>
      </object_component>
      <object_component id="oc-1b0">
         <name>.debug_info</name>
         <load_address>0x0</load_address>
         <run_address>0x0</run_address>
         <size>0xa40</size>
         <input_file_ref idref="fl-2"/>
      </object_component>
      <object_component id="oc-267">
         <name>.debug_info</name>
         <load_address>0xa40</load_address>
         <run_address>0xa40</run_address>
         <size>0xe4</size>
         <input_file_ref idref="fl-2"/>
      </object_component>
      <object_component id="oc-107">
         <name>.debug_info</name>
         <load_address>0xb24</load_address>
         <run_address>0xb24</run_address>
         <size>0x892</size>
         <input_file_ref idref="fl-2"/>
      </object_component>
      <object_component id="oc-2fd">
         <name>.debug_info</name>
         <load_address>0x13b6</load_address>
         <run_address>0x13b6</run_address>
         <size>0x9a</size>
         <input_file_ref idref="fl-2"/>
      </object_component>
      <object_component id="oc-ae">
         <name>.debug_info</name>
         <load_address>0x1450</load_address>
         <run_address>0x1450</run_address>
         <size>0x26b</size>
         <input_file_ref idref="fl-2"/>
      </object_component>
      <object_component id="oc-2c5">
         <name>.debug_info</name>
         <load_address>0x16bb</load_address>
         <run_address>0x16bb</run_address>
         <size>0x1028</size>
         <input_file_ref idref="fl-2"/>
      </object_component>
      <object_component id="oc-2c0">
         <name>.debug_info</name>
         <load_address>0x26e3</load_address>
         <run_address>0x26e3</run_address>
         <size>0x37e2</size>
         <input_file_ref idref="fl-2"/>
      </object_component>
      <object_component id="oc-2b9">
         <name>.debug_info</name>
         <load_address>0x5ec5</load_address>
         <run_address>0x5ec5</run_address>
         <size>0x341</size>
         <input_file_ref idref="fl-2"/>
      </object_component>
      <object_component id="oc-15f">
         <name>.debug_info</name>
         <load_address>0x6206</load_address>
         <run_address>0x6206</run_address>
         <size>0x8b</size>
         <input_file_ref idref="fl-2"/>
      </object_component>
      <object_component id="oc-1ab">
         <name>.debug_info</name>
         <load_address>0x6291</load_address>
         <run_address>0x6291</run_address>
         <size>0x2a4</size>
         <input_file_ref idref="fl-2"/>
      </object_component>
      <object_component id="oc-2ca">
         <name>.debug_info</name>
         <load_address>0x6535</load_address>
         <run_address>0x6535</run_address>
         <size>0xef</size>
         <input_file_ref idref="fl-2"/>
      </object_component>
      <object_component id="oc-1a6">
         <name>.debug_info</name>
         <load_address>0x6624</load_address>
         <run_address>0x6624</run_address>
         <size>0xbb</size>
         <input_file_ref idref="fl-2"/>
      </object_component>
      <object_component id="oc-331">
         <name>.debug_info</name>
         <load_address>0x66df</load_address>
         <run_address>0x66df</run_address>
         <size>0x131</size>
         <input_file_ref idref="fl-2"/>
      </object_component>
      <object_component id="oc-27a">
         <name>.debug_info</name>
         <load_address>0x6810</load_address>
         <run_address>0x6810</run_address>
         <size>0x648</size>
         <input_file_ref idref="fl-3"/>
      </object_component>
      <object_component id="oc-10e">
         <name>.debug_info</name>
         <load_address>0x6e58</load_address>
         <run_address>0x6e58</run_address>
         <size>0x62b</size>
         <input_file_ref idref="fl-3"/>
      </object_component>
      <object_component id="oc-32">
         <name>.debug_info</name>
         <load_address>0x7483</load_address>
         <run_address>0x7483</run_address>
         <size>0x84</size>
         <input_file_ref idref="fl-3"/>
      </object_component>
      <object_component id="oc-14e">
         <name>.debug_info</name>
         <load_address>0x7507</load_address>
         <run_address>0x7507</run_address>
         <size>0xf32</size>
         <input_file_ref idref="fl-4"/>
      </object_component>
      <object_component id="oc-148">
         <name>.debug_info</name>
         <load_address>0x8439</load_address>
         <run_address>0x8439</run_address>
         <size>0xdf</size>
         <input_file_ref idref="fl-4"/>
      </object_component>
      <object_component id="oc-14b">
         <name>.debug_info</name>
         <load_address>0x8518</load_address>
         <run_address>0x8518</run_address>
         <size>0xf1</size>
         <input_file_ref idref="fl-4"/>
      </object_component>
      <object_component id="oc-96">
         <name>.debug_info</name>
         <load_address>0x8609</load_address>
         <run_address>0x8609</run_address>
         <size>0x8d0</size>
         <input_file_ref idref="fl-4"/>
      </object_component>
      <object_component id="oc-1e9">
         <name>.debug_info</name>
         <load_address>0x8ed9</load_address>
         <run_address>0x8ed9</run_address>
         <size>0x439</size>
         <input_file_ref idref="fl-4"/>
      </object_component>
      <object_component id="oc-2a2">
         <name>.debug_info</name>
         <load_address>0x9312</load_address>
         <run_address>0x9312</run_address>
         <size>0x2c</size>
         <input_file_ref idref="fl-4"/>
      </object_component>
      <object_component id="oc-6f">
         <name>.debug_info</name>
         <load_address>0x933e</load_address>
         <run_address>0x933e</run_address>
         <size>0x2d6</size>
         <input_file_ref idref="fl-5"/>
      </object_component>
      <object_component id="oc-27">
         <name>.debug_info</name>
         <load_address>0x9614</load_address>
         <run_address>0x9614</run_address>
         <size>0x102</size>
         <input_file_ref idref="fl-5"/>
      </object_component>
      <object_component id="oc-68">
         <name>.debug_info</name>
         <load_address>0x9716</load_address>
         <run_address>0x9716</run_address>
         <size>0x1c9</size>
         <input_file_ref idref="fl-5"/>
      </object_component>
      <object_component id="oc-1a3">
         <name>.debug_info</name>
         <load_address>0x98df</load_address>
         <run_address>0x98df</run_address>
         <size>0xfb</size>
         <input_file_ref idref="fl-6"/>
      </object_component>
      <object_component id="oc-a6">
         <name>.debug_info</name>
         <load_address>0x99da</load_address>
         <run_address>0x99da</run_address>
         <size>0x26d</size>
         <input_file_ref idref="fl-6"/>
      </object_component>
      <object_component id="oc-1dd">
         <name>.debug_info</name>
         <load_address>0x9c47</load_address>
         <run_address>0x9c47</run_address>
         <size>0x938</size>
         <input_file_ref idref="fl-7"/>
      </object_component>
      <object_component id="oc-151">
         <name>.debug_info</name>
         <load_address>0xa57f</load_address>
         <run_address>0xa57f</run_address>
         <size>0x11c</size>
         <input_file_ref idref="fl-7"/>
      </object_component>
      <object_component id="oc-154">
         <name>.debug_info</name>
         <load_address>0xa69b</load_address>
         <run_address>0xa69b</run_address>
         <size>0x128</size>
         <input_file_ref idref="fl-7"/>
      </object_component>
      <object_component id="oc-1e6">
         <name>.debug_info</name>
         <load_address>0xa7c3</load_address>
         <run_address>0xa7c3</run_address>
         <size>0xfd</size>
         <input_file_ref idref="fl-7"/>
      </object_component>
      <object_component id="oc-e3">
         <name>.debug_info</name>
         <load_address>0xa8c0</load_address>
         <run_address>0xa8c0</run_address>
         <size>0x152b</size>
         <input_file_ref idref="fl-7"/>
      </object_component>
      <object_component id="oc-33a">
         <name>.debug_info</name>
         <load_address>0xbdeb</load_address>
         <run_address>0xbdeb</run_address>
         <size>0x37e2</size>
         <input_file_ref idref="fl-7"/>
      </object_component>
      <object_component id="oc-424">
         <name>.debug_info</name>
         <load_address>0xf5cd</load_address>
         <run_address>0xf5cd</run_address>
         <size>0x87e</size>
         <input_file_ref idref="fl-8"/>
      </object_component>
      <object_component id="oc-32e">
         <name>.debug_info</name>
         <load_address>0xfe4b</load_address>
         <run_address>0xfe4b</run_address>
         <size>0x110</size>
         <input_file_ref idref="fl-8"/>
      </object_component>
      <object_component id="oc-1ce">
         <name>.debug_info</name>
         <load_address>0xff5b</load_address>
         <run_address>0xff5b</run_address>
         <size>0x5aa</size>
         <input_file_ref idref="fl-8"/>
      </object_component>
      <object_component id="oc-40c">
         <name>.debug_info</name>
         <load_address>0x10505</load_address>
         <run_address>0x10505</run_address>
         <size>0x807</size>
         <input_file_ref idref="fl-10"/>
      </object_component>
      <object_component id="oc-136">
         <name>.debug_info</name>
         <load_address>0x10d0c</load_address>
         <run_address>0x10d0c</run_address>
         <size>0x29d</size>
         <input_file_ref idref="fl-10"/>
      </object_component>
      <object_component id="oc-130">
         <name>.debug_info</name>
         <load_address>0x10fa9</load_address>
         <run_address>0x10fa9</run_address>
         <size>0x1e5</size>
         <input_file_ref idref="fl-10"/>
      </object_component>
      <object_component id="oc-30d">
         <name>.debug_info</name>
         <load_address>0x1118e</load_address>
         <run_address>0x1118e</run_address>
         <size>0x431a</size>
         <input_file_ref idref="fl-10"/>
      </object_component>
      <object_component id="oc-4c3">
         <name>.debug_info</name>
         <load_address>0x154a8</load_address>
         <run_address>0x154a8</run_address>
         <size>0x1b5</size>
         <input_file_ref idref="fl-10"/>
      </object_component>
      <object_component id="oc-31c">
         <name>.debug_info</name>
         <load_address>0x1565d</load_address>
         <run_address>0x1565d</run_address>
         <size>0x26b</size>
         <input_file_ref idref="fl-10"/>
      </object_component>
      <object_component id="oc-312">
         <name>.debug_info</name>
         <load_address>0x158c8</load_address>
         <run_address>0x158c8</run_address>
         <size>0x1028</size>
         <input_file_ref idref="fl-10"/>
      </object_component>
      <object_component id="oc-305">
         <name>.debug_info</name>
         <load_address>0x168f0</load_address>
         <run_address>0x168f0</run_address>
         <size>0x297</size>
         <input_file_ref idref="fl-10"/>
      </object_component>
      <object_component id="oc-1b5">
         <name>.debug_info</name>
         <load_address>0x16b87</load_address>
         <run_address>0x16b87</run_address>
         <size>0xef</size>
         <input_file_ref idref="fl-10"/>
      </object_component>
      <object_component id="oc-1ba">
         <name>.debug_info</name>
         <load_address>0x16c76</load_address>
         <run_address>0x16c76</run_address>
         <size>0xbb</size>
         <input_file_ref idref="fl-10"/>
      </object_component>
      <object_component id="oc-12b">
         <name>.debug_info</name>
         <load_address>0x16d31</load_address>
         <run_address>0x16d31</run_address>
         <size>0x224</size>
         <input_file_ref idref="fl-11"/>
      </object_component>
      <object_component id="oc-304">
         <name>.debug_info</name>
         <load_address>0x16f55</load_address>
         <run_address>0x16f55</run_address>
         <size>0x701</size>
         <input_file_ref idref="fl-12"/>
      </object_component>
      <object_component id="oc-1b2">
         <name>.debug_info</name>
         <load_address>0x17656</load_address>
         <run_address>0x17656</run_address>
         <size>0x135</size>
         <input_file_ref idref="fl-12"/>
      </object_component>
      <object_component id="oc-115">
         <name>.debug_info</name>
         <load_address>0x1778b</load_address>
         <run_address>0x1778b</run_address>
         <size>0x252</size>
         <input_file_ref idref="fl-12"/>
      </object_component>
      <object_component id="oc-c6">
         <name>.debug_info</name>
         <load_address>0x179dd</load_address>
         <run_address>0x179dd</run_address>
         <size>0x2a5</size>
         <input_file_ref idref="fl-12"/>
      </object_component>
      <object_component id="oc-1d9">
         <name>.debug_info</name>
         <load_address>0x17c82</load_address>
         <run_address>0x17c82</run_address>
         <size>0x25a</size>
         <input_file_ref idref="fl-12"/>
      </object_component>
      <object_component id="oc-1d3">
         <name>.debug_info</name>
         <load_address>0x17edc</load_address>
         <run_address>0x17edc</run_address>
         <size>0x258</size>
         <input_file_ref idref="fl-12"/>
      </object_component>
      <object_component id="oc-34c">
         <name>.debug_info</name>
         <load_address>0x18134</load_address>
         <run_address>0x18134</run_address>
         <size>0x6f0</size>
         <input_file_ref idref="fl-13"/>
      </object_component>
      <object_component id="oc-201">
         <name>.debug_info</name>
         <load_address>0x18824</load_address>
         <run_address>0x18824</run_address>
         <size>0x23b</size>
         <input_file_ref idref="fl-13"/>
      </object_component>
      <object_component id="oc-20d">
         <name>.debug_info</name>
         <load_address>0x18a5f</load_address>
         <run_address>0x18a5f</run_address>
         <size>0x1ee</size>
         <input_file_ref idref="fl-13"/>
      </object_component>
      <object_component id="oc-207">
         <name>.debug_info</name>
         <load_address>0x18c4d</load_address>
         <run_address>0x18c4d</run_address>
         <size>0x1f0</size>
         <input_file_ref idref="fl-13"/>
      </object_component>
      <object_component id="oc-261">
         <name>.debug_info</name>
         <load_address>0x18e3d</load_address>
         <run_address>0x18e3d</run_address>
         <size>0x237</size>
         <input_file_ref idref="fl-13"/>
      </object_component>
      <object_component id="oc-213">
         <name>.debug_info</name>
         <load_address>0x19074</load_address>
         <run_address>0x19074</run_address>
         <size>0x207</size>
         <input_file_ref idref="fl-13"/>
      </object_component>
      <object_component id="oc-24f">
         <name>.debug_info</name>
         <load_address>0x1927b</load_address>
         <run_address>0x1927b</run_address>
         <size>0x248</size>
         <input_file_ref idref="fl-13"/>
      </object_component>
      <object_component id="oc-21f">
         <name>.debug_info</name>
         <load_address>0x194c3</load_address>
         <run_address>0x194c3</run_address>
         <size>0x1ec</size>
         <input_file_ref idref="fl-13"/>
      </object_component>
      <object_component id="oc-249">
         <name>.debug_info</name>
         <load_address>0x196af</load_address>
         <run_address>0x196af</run_address>
         <size>0x248</size>
         <input_file_ref idref="fl-13"/>
      </object_component>
      <object_component id="oc-228">
         <name>.debug_info</name>
         <load_address>0x198f7</load_address>
         <run_address>0x198f7</run_address>
         <size>0x252</size>
         <input_file_ref idref="fl-13"/>
      </object_component>
      <object_component id="oc-258">
         <name>.debug_info</name>
         <load_address>0x19b49</load_address>
         <run_address>0x19b49</run_address>
         <size>0x232</size>
         <input_file_ref idref="fl-13"/>
      </object_component>
      <object_component id="oc-25e">
         <name>.debug_info</name>
         <load_address>0x19d7b</load_address>
         <run_address>0x19d7b</run_address>
         <size>0x23a</size>
         <input_file_ref idref="fl-13"/>
      </object_component>
      <object_component id="oc-234">
         <name>.debug_info</name>
         <load_address>0x19fb5</load_address>
         <run_address>0x19fb5</run_address>
         <size>0x207</size>
         <input_file_ref idref="fl-13"/>
      </object_component>
      <object_component id="oc-239">
         <name>.debug_info</name>
         <load_address>0x1a1bc</load_address>
         <run_address>0x1a1bc</run_address>
         <size>0x1fd</size>
         <input_file_ref idref="fl-13"/>
      </object_component>
      <object_component id="oc-23f">
         <name>.debug_info</name>
         <load_address>0x1a3b9</load_address>
         <run_address>0x1a3b9</run_address>
         <size>0x211</size>
         <input_file_ref idref="fl-13"/>
      </object_component>
      <object_component id="oc-245">
         <name>.debug_info</name>
         <load_address>0x1a5ca</load_address>
         <run_address>0x1a5ca</run_address>
         <size>0x215</size>
         <input_file_ref idref="fl-13"/>
      </object_component>
      <object_component id="oc-21c">
         <name>.debug_info</name>
         <load_address>0x1a7df</load_address>
         <run_address>0x1a7df</run_address>
         <size>0x220</size>
         <input_file_ref idref="fl-13"/>
      </object_component>
      <object_component id="oc-22e">
         <name>.debug_info</name>
         <load_address>0x1a9ff</load_address>
         <run_address>0x1a9ff</run_address>
         <size>0x224</size>
         <input_file_ref idref="fl-13"/>
      </object_component>
      <object_component id="oc-429">
         <name>.debug_info</name>
         <load_address>0x1ac23</load_address>
         <run_address>0x1ac23</run_address>
         <size>0x9a</size>
         <input_file_ref idref="fl-13"/>
      </object_component>
      <object_component id="oc-11e">
         <name>.debug_info</name>
         <load_address>0x1acbd</load_address>
         <run_address>0x1acbd</run_address>
         <size>0x1d7</size>
         <input_file_ref idref="fl-14"/>
      </object_component>
      <object_component id="oc-288">
         <name>.debug_info</name>
         <load_address>0x1ae94</load_address>
         <run_address>0x1ae94</run_address>
         <size>0x3a5</size>
         <input_file_ref idref="fl-15"/>
      </object_component>
      <object_component id="oc-127">
         <name>.debug_info</name>
         <load_address>0x1b239</load_address>
         <run_address>0x1b239</run_address>
         <size>0x220</size>
         <input_file_ref idref="fl-15"/>
      </object_component>
      <object_component id="oc-369">
         <name>.debug_info</name>
         <load_address>0x1b459</load_address>
         <run_address>0x1b459</run_address>
         <size>0x1eb</size>
         <input_file_ref idref="fl-15"/>
      </object_component>
      <object_component id="oc-36f">
         <name>.debug_info</name>
         <load_address>0x1b644</load_address>
         <run_address>0x1b644</run_address>
         <size>0x1f9</size>
         <input_file_ref idref="fl-15"/>
      </object_component>
      <object_component id="oc-435">
         <name>.debug_info</name>
         <load_address>0x1b83d</load_address>
         <run_address>0x1b83d</run_address>
         <size>0x346</size>
         <input_file_ref idref="fl-15"/>
      </object_component>
      <object_component id="oc-37b">
         <name>.debug_info</name>
         <load_address>0x1bb83</load_address>
         <run_address>0x1bb83</run_address>
         <size>0x202</size>
         <input_file_ref idref="fl-15"/>
      </object_component>
      <object_component id="oc-375">
         <name>.debug_info</name>
         <load_address>0x1bd85</load_address>
         <run_address>0x1bd85</run_address>
         <size>0x1ac</size>
         <input_file_ref idref="fl-15"/>
      </object_component>
      <object_component id="oc-414">
         <name>.debug_info</name>
         <load_address>0x1bf31</load_address>
         <run_address>0x1bf31</run_address>
         <size>0x6f5</size>
         <input_file_ref idref="fl-17"/>
      </object_component>
      <object_component id="oc-411">
         <name>.debug_info</name>
         <load_address>0x1c626</load_address>
         <run_address>0x1c626</run_address>
         <size>0x1c7</size>
         <input_file_ref idref="fl-17"/>
      </object_component>
      <object_component id="oc-325">
         <name>.debug_info</name>
         <load_address>0x1c7ed</load_address>
         <run_address>0x1c7ed</run_address>
         <size>0x22b</size>
         <input_file_ref idref="fl-17"/>
      </object_component>
      <object_component id="oc-32b">
         <name>.debug_info</name>
         <load_address>0x1ca18</load_address>
         <run_address>0x1ca18</run_address>
         <size>0x235</size>
         <input_file_ref idref="fl-17"/>
      </object_component>
      <object_component id="oc-41f">
         <name>.debug_info</name>
         <load_address>0x1cc4d</load_address>
         <run_address>0x1cc4d</run_address>
         <size>0x1e9</size>
         <input_file_ref idref="fl-17"/>
      </object_component>
      <object_component id="oc-419">
         <name>.debug_info</name>
         <load_address>0x1ce36</load_address>
         <run_address>0x1ce36</run_address>
         <size>0x1e9</size>
         <input_file_ref idref="fl-17"/>
      </object_component>
      <object_component id="oc-4cb">
         <name>.debug_info</name>
         <load_address>0x1d01f</load_address>
         <run_address>0x1d01f</run_address>
         <size>0x131</size>
         <input_file_ref idref="fl-17"/>
      </object_component>
      <object_component id="oc-1c6">
         <name>.debug_info</name>
         <load_address>0x1d150</load_address>
         <run_address>0x1d150</run_address>
         <size>0x725</size>
         <input_file_ref idref="fl-1a"/>
      </object_component>
      <object_component id="oc-1c1">
         <name>.debug_info</name>
         <load_address>0x1d875</load_address>
         <run_address>0x1d875</run_address>
         <size>0x25e</size>
         <input_file_ref idref="fl-1a"/>
      </object_component>
      <object_component id="oc-d1">
         <name>.debug_info</name>
         <load_address>0x1dad3</load_address>
         <run_address>0x1dad3</run_address>
         <size>0x215</size>
         <input_file_ref idref="fl-1a"/>
      </object_component>
      <object_component id="oc-cb">
         <name>.debug_info</name>
         <load_address>0x1dce8</load_address>
         <run_address>0x1dce8</run_address>
         <size>0x23d</size>
         <input_file_ref idref="fl-1a"/>
      </object_component>
      <object_component id="oc-d7">
         <name>.debug_info</name>
         <load_address>0x1df25</load_address>
         <run_address>0x1df25</run_address>
         <size>0x21a</size>
         <input_file_ref idref="fl-1a"/>
      </object_component>
      <object_component id="oc-dd">
         <name>.debug_info</name>
         <load_address>0x1e13f</load_address>
         <run_address>0x1e13f</run_address>
         <size>0x289</size>
         <input_file_ref idref="fl-1a"/>
      </object_component>
      <object_component id="oc-317">
         <name>.debug_info</name>
         <load_address>0x1e3c8</load_address>
         <run_address>0x1e3c8</run_address>
         <size>0x341</size>
         <input_file_ref idref="fl-1a"/>
      </object_component>
      <object_component id="oc-118">
         <name>.debug_info</name>
         <load_address>0x1e709</load_address>
         <run_address>0x1e709</run_address>
         <size>0x1c9</size>
         <input_file_ref idref="fl-1b"/>
      </object_component>
      <object_component id="oc-27e">
         <name>.debug_info</name>
         <load_address>0x1e8d2</load_address>
         <run_address>0x1e8d2</run_address>
         <size>0x199</size>
         <input_file_ref idref="fl-1c"/>
      </object_component>
      <object_component id="oc-2a1">
         <name>.debug_info</name>
         <load_address>0x1ea6b</load_address>
         <run_address>0x1ea6b</run_address>
         <size>0x333</size>
         <input_file_ref idref="fl-d2"/>
      </object_component>
      <object_component id="oc-13e">
         <name>.debug_info</name>
         <load_address>0x1ed9e</load_address>
         <run_address>0x1ed9e</run_address>
         <size>0x1d1</size>
         <input_file_ref idref="fl-d2"/>
      </object_component>
      <object_component id="oc-297">
         <name>.debug_info</name>
         <load_address>0x1ef6f</load_address>
         <run_address>0x1ef6f</run_address>
         <size>0x18d</size>
         <input_file_ref idref="fl-d2"/>
      </object_component>
      <object_component id="oc-29d">
         <name>.debug_info</name>
         <load_address>0x1f0fc</load_address>
         <run_address>0x1f0fc</run_address>
         <size>0x16d</size>
         <input_file_ref idref="fl-d2"/>
      </object_component>
      <object_component id="oc-499">
         <name>.debug_info</name>
         <load_address>0x1f269</load_address>
         <run_address>0x1f269</run_address>
         <size>0x2c</size>
         <input_file_ref idref="fl-d2"/>
      </object_component>
      <object_component id="oc-277">
         <name>.debug_info</name>
         <load_address>0x1f295</load_address>
         <run_address>0x1f295</run_address>
         <size>0x14c</size>
         <input_file_ref idref="fl-d3"/>
      </object_component>
      <object_component id="oc-272">
         <name>.debug_info</name>
         <load_address>0x1f3e1</load_address>
         <run_address>0x1f3e1</run_address>
         <size>0x13a</size>
         <input_file_ref idref="fl-d4"/>
      </object_component>
      <object_component id="oc-26d">
         <name>.debug_info</name>
         <load_address>0x1f51b</load_address>
         <run_address>0x1f51b</run_address>
         <size>0x12c</size>
         <input_file_ref idref="fl-d5"/>
      </object_component>
      <object_component id="oc-38">
         <name>.debug_info</name>
         <load_address>0x1f647</load_address>
         <run_address>0x1f647</run_address>
         <size>0x119</size>
         <input_file_ref idref="fl-d6"/>
      </object_component>
      <object_component id="oc-86">
         <name>.debug_info</name>
         <load_address>0x1f760</load_address>
         <run_address>0x1f760</run_address>
         <size>0x2d4</size>
         <input_file_ref idref="fl-d7"/>
      </object_component>
      <object_component id="oc-47">
         <name>.debug_info</name>
         <load_address>0x1fa34</load_address>
         <run_address>0x1fa34</run_address>
         <size>0x1d2</size>
         <input_file_ref idref="fl-d7"/>
      </object_component>
      <object_component id="oc-81">
         <name>.debug_info</name>
         <load_address>0x1fc06</load_address>
         <run_address>0x1fc06</run_address>
         <size>0x46</size>
         <input_file_ref idref="fl-d7"/>
      </object_component>
      <object_component id="oc-ba">
         <name>.debug_info</name>
         <load_address>0x1fc4c</load_address>
         <run_address>0x1fc4c</run_address>
         <size>0x2c</size>
         <input_file_ref idref="fl-d7"/>
      </object_component>
      <object_component id="oc-42">
         <name>.debug_info</name>
         <load_address>0x1fc78</load_address>
         <run_address>0x1fc78</run_address>
         <size>0x2a8</size>
         <input_file_ref idref="fl-d8"/>
      </object_component>
      <object_component id="oc-1f">
         <name>.debug_info</name>
         <load_address>0x1ff20</load_address>
         <run_address>0x1ff20</run_address>
         <size>0x1ea</size>
         <input_file_ref idref="fl-d8"/>
      </object_component>
      <object_component id="oc-3d">
         <name>.debug_info</name>
         <load_address>0x2010a</load_address>
         <run_address>0x2010a</run_address>
         <size>0x46</size>
         <input_file_ref idref="fl-d8"/>
      </object_component>
[...]
         <name>I2C_masterReceiveStart</name>
         <value>0x430b</value>
         <object_component_ref idref="oc-236"/>
      </symbol>
      <symbol id="sm-365">
         <name>I2C_clearInterruptFlag</name>
         <value>0x43e1</value>
         <object_component_ref idref="oc-218"/>
      </symbol>
      <symbol id="sm-366">
         <name>I2C_setSlaveAddress</name>
         <value>0x4463</value>
         <object_component_ref idref="oc-260"/>
      </symbol>
      <symbol id="sm-367">
         <name>I2C_initMaster</name>
         <value>0x3aa9</value>
         <object_component_ref idref="oc-200"/>
      </symbol>
      <symbol id="sm-368">
         <name>I2C_masterReceiveSingleByte</name>
         <value>0x37c1</value>
         <object_component_ref idref="oc-24e"/>
      </symbol>
      <symbol id="sm-369">
         <name>I2C_disableModule</name>
         <value>0x43f7</value>
         <object_component_ref idref="oc-206"/>
      </symbol>
      <symbol id="sm-374">
         <name>Interrupt_disableMaster</name>
         <value>0x44c5</value>
         <object_component_ref idref="oc-11d"/>
      </symbol>
      <symbol id="sm-3f2">
         <name>PCM_setCoreVoltageLevel</name>
         <value>0x44d5</value>
         <object_component_ref idref="oc-123"/>
      </symbol>
      <symbol id="sm-3f3">
         <name>PCM_getCoreVoltageLevel</name>
         <value>0x3b0b</value>
         <object_component_ref idref="oc-36b"/>
      </symbol>
      <symbol id="sm-3f4">
         <name>PCM_getPowerMode</name>
         <value>0x3b69</value>
         <object_component_ref idref="oc-365"/>
      </symbol>
      <symbol id="sm-3f5">
         <name>PCM_getPowerState</name>
         <value>0x4479</value>
         <object_component_ref idref="oc-371"/>
      </symbol>
      <symbol id="sm-3f6">
         <name>PCM_setPowerMode</name>
         <value>0x44e5</value>
         <object_component_ref idref="oc-377"/>
      </symbol>
      <symbol id="sm-436">
         <name>EUSCI_B_SPI_enable</name>
         <value>0x439f</value>
         <object_component_ref idref="oc-41b"/>
      </symbol>
      <symbol id="sm-437">
         <name>SPI_enableModule</name>
         <value>0x4269</value>
         <object_component_ref idref="oc-327"/>
      </symbol>
      <symbol id="sm-438">
         <name>EUSCI_A_SPI_enable</name>
         <value>0x4389</value>
         <object_component_ref idref="oc-415"/>
      </symbol>
      <symbol id="sm-439">
         <name>SPI_initMaster</name>
         <value>0x32af</value>
         <object_component_ref idref="oc-321"/>
      </symbol>
      <symbol id="sm-481">
         <name>Timer_A_setCompareValue</name>
         <value>0x4201</value>
         <object_component_ref idref="oc-db"/>
      </symbol>
      <symbol id="sm-482">
         <name>Timer_A_initCompare</name>
         <value>0x3d11</value>
         <object_component_ref idref="oc-d5"/>
      </symbol>
      <symbol id="sm-483">
         <name>Timer_A_startCounter</name>
         <value>0x4423</value>
         <object_component_ref idref="oc-cf"/>
      </symbol>
      <symbol id="sm-484">
         <name>Timer_A_configureUpMode</name>
         <value>0x3975</value>
         <object_component_ref idref="oc-c9"/>
      </symbol>
      <symbol id="sm-490">
         <name>WDT_A_holdTimer</name>
         <value>0x4229</value>
         <object_component_ref idref="oc-117"/>
      </symbol>
      <symbol id="sm-49a">
         <name>CPU_cpsid</name>
         <value>0x4511</value>
         <object_component_ref idref="oc-27d"/>
      </symbol>
      <symbol id="sm-4c1">
         <name>sprintf</name>
         <value>0x3fc9</value>
         <object_component_ref idref="oc-13b"/>
      </symbol>
      <symbol id="sm-4d8">
         <name>__aeabi_dsub</name>
         <value>0x20f1</value>
         <object_component_ref idref="oc-274"/>
      </symbol>
      <symbol id="sm-4d9">
         <name>__aeabi_dadd</name>
         <value>0x20fb</value>
         <object_component_ref idref="oc-274"/>
      </symbol>
      <symbol id="sm-4ed">
         <name>__aeabi_ddiv</name>
         <value>0x2995</value>
         <object_component_ref idref="oc-26f"/>
      </symbol>
      <symbol id="sm-4f7">
         <name>__aeabi_i2d</name>
         <value>0x4155</value>
         <object_component_ref idref="oc-26a"/>
      </symbol>
      <symbol id="sm-512">
         <name>memcpy</name>
         <value>0x33fb</value>
         <object_component_ref idref="oc-37"/>
      </symbol>
      <symbol id="sm-513">
         <name>__aeabi_memcpy</name>
         <value>0x33fb</value>
         <object_component_ref idref="oc-37"/>
      </symbol>
      <symbol id="sm-514">
         <name>__aeabi_memcpy8</name>
         <value>0x33fb</value>
         <object_component_ref idref="oc-37"/>
      </symbol>
      <symbol id="sm-515">
         <name>__aeabi_memcpy4</name>
         <value>0x33fb</value>
         <object_component_ref idref="oc-37"/>
      </symbol>
      <symbol id="sm-52e">
         <name>__TI_zero_init_nomemset</name>
         <value>0x4285</value>
         <object_component_ref idref="oc-43"/>
      </symbol>
      <symbol id="sm-545">
         <name>__TI_decompress_none</name>
         <value>0x44f5</value>
         <object_component_ref idref="oc-1d"/>
      </symbol>
      <symbol id="sm-568">
         <name>__TI_decompress_lzss</name>
         <value>0x39dd</value>
         <object_component_ref idref="oc-17"/>
      </symbol>
      <symbol id="sm-57b">
         <name>__stack</name>
         <value>0x2000fe00</value>
         <object_component_ref idref="oc-29"/>
      </symbol>
      <symbol id="sm-57c">
         <name>_c_int00_noargs</name>
         <value>0x4121</value>
         <object_component_ref idref="oc-55"/>
      </symbol>
      <symbol id="sm-6e1">
         <name>__TI_printfi</name>
         <value>0xe5</value>
         <object_component_ref idref="oc-28e"/>
      </symbol>
      <symbol id="sm-703">
         <name>__aeabi_cdcmpeq</name>
         <value>0x35b5</value>
         <object_component_ref idref="oc-390"/>
      </symbol>
      <symbol id="sm-704">
         <name>__aeabi_cdcmple</name>
         <value>0x35b5</value>
         <object_component_ref idref="oc-390"/>
      </symbol>
      <symbol id="sm-705">
         <name>__aeabi_cdrcmple</name>
         <value>0x363b</value>
         <object_component_ref idref="oc-44b"/>
      </symbol>
      <symbol id="sm-710">
         <name>__aeabi_dmul</name>
         <value>0x2f39</value>
         <object_component_ref idref="oc-446"/>
      </symbol>
      <symbol id="sm-71a">
         <name>__aeabi_d2iz</name>
         <value>0x3e3d</value>
         <object_component_ref idref="oc-450"/>
      </symbol>
      <symbol id="sm-729">
         <name>__aeabi_memset</name>
         <value>0x3747</value>
         <object_component_ref idref="oc-87"/>
      </symbol>
      <symbol id="sm-72a">
         <name>memset</name>
         <value>0x374d</value>
         <object_component_ref idref="oc-87"/>
      </symbol>
      <symbol id="sm-72b">
         <name>__aeabi_memset8</name>
         <value>0x3747</value>
         <object_component_ref idref="oc-87"/>
      </symbol>
      <symbol id="sm-72c">
         <name>__aeabi_memset4</name>
         <value>0x3747</value>
         <object_component_ref idref="oc-87"/>
      </symbol>
      <symbol id="sm-72d">
         <name>__aeabi_memclr8</name>
         <value>0x3745</value>
         <object_component_ref idref="oc-87"/>
      </symbol>
      <symbol id="sm-72e">
         <name>__aeabi_memclr4</name>
         <value>0x3745</value>
         <object_component_ref idref="oc-87"/>
      </symbol>
      <symbol id="sm-72f">
         <name>__aeabi_memclr</name>
         <value>0x3745</value>
         <object_component_ref idref="oc-87"/>
      </symbol>
      <symbol id="sm-73c">
         <name>__aeabi_uldivmod</name>
         <value>0x3497</value>
         <object_component_ref idref="oc-43f"/>
      </symbol>
      <symbol id="sm-764">
         <name>__TI_auto_init_nobinit_nopinit</name>
         <value>0x3e85</value>
         <object_component_ref idref="oc-170"/>
      </symbol>
      <symbol id="sm-76e">
         <name>_system_pre_init</name>
         <value>0x4531</value>
         <object_component_ref idref="oc-8d"/>
      </symbol>
      <symbol id="sm-77a">
         <name>C$$EXIT</name>
         <value>0x4535</value>
         <object_component_ref idref="oc-164"/>
      </symbol>
      <symbol id="sm-77b">
         <name>abort</name>
         <value>0x4535</value>
         <object_component_ref idref="oc-164"/>
      </symbol>
      <symbol id="sm-78b">
         <name>__TI_ltoa</name>
         <value>0x3c19</value>
         <object_component_ref idref="oc-455"/>
      </symbol>
      <symbol id="sm-7a2">
         <name>atoi</name>
         <value>0x3d61</value>
         <object_component_ref idref="oc-384"/>
      </symbol>
      <symbol id="sm-7ad">
         <name>_ctypes_</name>
         <value>0x4830</value>
         <object_component_ref idref="oc-43a"/>
      </symbol>
      <symbol id="sm-7bd">
         <name>memccpy</name>
         <value>0x42a1</value>
         <object_component_ref idref="oc-3ad"/>
      </symbol>
      <symbol id="sm-7cd">
         <name>strchr</name>
         <value>0x4439</value>
         <object_component_ref idref="oc-482"/>
      </symbol>
      <symbol id="sm-7db">
         <name>strlen</name>
         <value>0x448d</value>
         <object_component_ref idref="oc-37e"/>
      </symbol>
      <symbol id="sm-7f1">
         <name>__aeabi_errno_addr</name>
         <value>0x4529</value>
         <object_component_ref idref="oc-3b9"/>
      </symbol>
      <symbol id="sm-7f2">
         <name>errno</name>
         <value>0x2000006c</value>
         <object_component_ref idref="oc-492"/>
      </symbol>
      <symbol id="sm-80b">
         <name>wcslen</name>
         <value>0x44b3</value>
         <object_component_ref idref="oc-3b3"/>
      </symbol>
      <symbol id="sm-82b">
         <name>frexpl</name>
         <value>0x3a45</value>
         <object_component_ref idref="oc-476"/>
      </symbol>
      <symbol id="sm-82c">
         <name>frexp</name>
         <value>0x3a45</value>
         <object_component_ref idref="oc-476"/>
      </symbol>
      <symbol id="sm-849">
         <name>scalbn</name>
         <value>0x2d21</value>
         <object_component_ref idref="oc-47c"/>
      </symbol>
      <symbol id="sm-84a">
         <name>scalbnl</name>
         <value>0x2d21</value>
         <object_component_ref idref="oc-47c"/>
      </symbol>
      <symbol id="sm-84b">
         <name>ldexpl</name>
         <value>0x2d21</value>
         <object_component_ref idref="oc-47c"/>
      </symbol>
      <symbol id="sm-84c">
         <name>ldexp</name>
         <value>0x2d21</value>
         <object_component_ref idref="oc-47c"/>
      </symbol>
      <symbol id="sm-856">
         <name>__aeabi_idiv0</name>
         <value>0xb33</value>
         <object_component_ref idref="oc-4dc"/>
      </symbol>
      <symbol id="sm-857">
         <name>__aeabi_ldiv0</name>
         <value>0xb33</value>
         <object_component_ref idref="oc-4dc"/>
      </symbol>
      <symbol id="sm-861">
         <name>copysign</name>
         <value>0x4325</value>
         <object_component_ref idref="oc-4f2"/>
      </symbol>
      <symbol id="sm-862">
         <name>copysignl</name>
         <value>0x4325</value>
         <object_component_ref idref="oc-4f2"/>
      </symbol>
      <symbol id="sm-894">
         <name>Graphics_setBackgroundColor</name>
         <value>0x42d7</value>
         <object_component_ref idref="oc-f3"/>
      </symbol>
      <symbol id="sm-895">
         <name>Graphics_setFont</name>
         <value>0x42f1</value>
         <object_component_ref idref="oc-f9"/>
      </symbol>
      <symbol id="sm-896">
         <name>Graphics_initContext</name>
         <value>0x3c6d</value>
         <object_component_ref idref="oc-e7"/>
      </symbol>
      <symbol id="sm-897">
         <name>Graphics_setForegroundColor</name>
         <value>0x43b5</value>
         <object_component_ref idref="oc-ed"/>
      </symbol>
      <symbol id="sm-898">
         <name>Graphics_clearDisplay</name>
         <value>0x44a1</value>
         <object_component_ref idref="oc-ff"/>
      </symbol>
      <symbol id="sm-8bd">
         <name>Graphics_clearDisplayOnDisplay</name>
         <value>0x42bd</value>
         <object_component_ref idref="oc-1f9"/>
      </symbol>
      <symbol id="sm-8be">
         <name>Graphics_drawPixelOnDisplay</name>
         <value>0x4183</value>
         <object_component_ref idref="oc-3dc"/>
      </symbol>
      <symbol id="sm-8bf">
         <name>Graphics_translateColorOnDisplay</name>
         <value>0x43cb</value>
         <object_component_ref idref="oc-1f0"/>
      </symbol>
      <symbol id="sm-8c0">
         <name>Graphics_drawHorizontalLineOnDisplay</name>
         <value>0x4081</value>
         <object_component_ref idref="oc-4a9"/>
      </symbol>
      <symbol id="sm-8d2">
         <name>g_sFontFixed6x8</name>
         <value>0x4934</value>
         <object_component_ref idref="oc-156"/>
      </symbol>
      <symbol id="sm-92a">
         <name>Graphics_drawStringCentered</name>
         <value>0x3df5</value>
         <object_component_ref idref="oc-141"/>
      </symbol>
      <symbol id="sm-92b">
         <name>Graphics_drawString</name>
         <value>0x11b5</value>
         <object_component_ref idref="oc-2ad"/>
      </symbol>
      <symbol id="sm-92c">
         <name>Graphics_getStringWidth</name>
         <value>0x3035</value>
         <object_component_ref idref="oc-2a7"/>
      </symbol>
      <symbol id="sm-93f">
         <name>Graphics_drawLineH</name>
         <value>0x335f</value>
         <object_component_ref idref="oc-3d6"/>
      </symbol>
      <symbol id="sm-940">
         <name>__TI_static_base__</name>
         <value>0x0</value>
      </symbol>
      <symbol id="sm-943">
         <name>__mpu_init</name>
         <value>0x0</value>
      </symbol>
      <symbol id="sm-944">
         <name>_system_post_cinit</name>
         <value>0x0</value>
      </symbol>
      <symbol id="sm-945">
         <name>NMI_Handler</name>
         <value>0x450f</value>
      </symbol>
      <symbol id="sm-946">
         <name>HardFault_Handler</name>
         <value>0x450f</value>
      </symbol>
      <symbol id="sm-947">
         <name>MemManage_Handler</name>
         <value>0x450f</value>
      </symbol>
      <symbol id="sm-948">
         <name>BusFault_Handler</name>
         <value>0x450f</value>
      </symbol>
      <symbol id="sm-949">
         <name>UsageFault_Handler</name>
         <value>0x450f</value>
      </symbol>
      <symbol id="sm-94a">
         <name>SVC_Handler</name>
         <value>0x450f</value>
      </symbol>
      <symbol id="sm-94b">
         <name>DebugMon_Handler</name>
         <value>0x450f</value>
      </symbol>
      <symbol id="sm-94c">
         <name>PendSV_Handler</name>
         <value>0x450f</value>
      </symbol>
      <symbol id="sm-94d">
         <name>SysTick_Handler</name>
         <value>0x450f</value>
      </symbol>
      <symbol id="sm-94e">
         <name>PSS_IRQHandler</name>
         <value>0x450f</value>
      </symbol>
      <symbol id="sm-94f">
         <name>CS_IRQHandler</name>
         <value>0x450f</value>
      </symbol>
      <symbol id="sm-950">
         <name>PCM_IRQHandler</name>
         <value>0x450f</value>
      </symbol>
      <symbol id="sm-951">
         <name>WDT_A_IRQHandler</name>
         <value>0x450f</value>
      </symbol>
      <symbol id="sm-952">
         <name>FPU_IRQHandler</name>
         <value>0x450f</value>
      </symbol>
      <symbol id="sm-953">
         <name>FLCTL_IRQHandler</name>
         <value>0x450f</value>
      </symbol>
      <symbol id="sm-954">
         <name>COMP_E0_IRQHandler</name>
         <value>0x450f</value>
      </symbol>
      <symbol id="sm-955">
         <name>COMP_E1_IRQHandler</name>
         <value>0x450f</value>
      </symbol>
      <symbol id="sm-956">
         <name>TA0_0_IRQHandler</name>
         <value>0x450f</value>
      </symbol>
      <symbol id="sm-957">
         <name>TA0_N_IRQHandler</name>
         <value>0x450f</value>
      </symbol>
      <symbol id="sm-958">
         <name>TA1_0_IRQHandler</name>
         <value>0x450f</value>
      </symbol>
      <symbol id="sm-959">
         <name>TA1_N_IRQHandler</name>
         <value>0x450f</value>
      </symbol>
      <symbol id="sm-95a">
         <name>TA2_0_IRQHandler</name>
         <value>0x450f</value>
      </symbol>
      <symbol id="sm-95b">
         <name>TA2_N_IRQHandler</name>
         <value>0x450f</value>
      </symbol>
      <symbol id="sm-95c">
         <name>TA3_0_IRQHandler</name>
         <value>0x450f</value>
      </symbol>
      <symbol id="sm-95d">
         <name>TA3_N_IRQHandler</name>
         <value>0x450f</value>
      </symbol>
      <symbol id="sm-95e">
         <name>EUSCIA0_IRQHandler</name>
         <value>0x450f</value>
      </symbol>
      <symbol id="sm-95f">
         <name>EUSCIA1_IRQHandler</name>
         <value>0x450f</value>
      </symbol>
      <symbol id="sm-960">
         <name>EUSCIA2_IRQHandler</name>
         <value>0x450f</value>
      </symbol>
      <symbol id="sm-961">
         <name>EUSCIA3_IRQHandler</name>
         <value>0x450f</value>
      </symbol>
      <symbol id="sm-962">
         <name>EUSCIB0_IRQHandler</name>
         <value>0x450f</value>
      </symbol>
      <symbol id="sm-963">
         <name>EUSCIB1_IRQHandler</name>
         <value>0x450f</value>
      </symbol>
      <symbol id="sm-964">
         <name>EUSCIB2_IRQHandler</name>
         <value>0x450f</value>
      </symbol>
      <symbol id="sm-965">
         <name>EUSCIB3_IRQHandler</name>
         <value>0x450f</value>
      </symbol>
      <symbol id="sm-966">
         <name>ADC14_IRQHandler</name>
         <value>0x450f</value>
      </symbol>
      <symbol id="sm-967">
         <name>T32_INT1_IRQHandler</name>
         <value>0x450f</value>
      </symbol>
      <symbol id="sm-968">
         <name>T32_INT2_IRQHandler</name>
         <value>0x450f</value>
      </symbol>
      <symbol id="sm-969">
         <name>T32_INTC_IRQHandler</name>
         <value>0x450f</value>
      </symbol>
      <symbol id="sm-96a">
         <name>AES256_IRQHandler</name>
         <value>0x450f</value>
      </symbol>
      <symbol id="sm-96b">
         <name>RTC_C_IRQHandler</name>
         <value>0x450f</value>
      </symbol>
      <symbol id="sm-96c">
         <name>DMA_ERR_IRQHandler</name>
         <value>0x450f</value>
      </symbol>
      <symbol id="sm-96d">
         <name>DMA_INT3_IRQHandler</name>
         <value>0x450f</value>
      </symbol>
      <symbol id="sm-96e">
         <name>DMA_INT2_IRQHandler</name>
         <value>0x450f</value>
      </symbol>
      <symbol id="sm-96f">
         <name>DMA_INT1_IRQHandler</name>
         <value>0x450f</value>
      </symbol>
      <symbol id="sm-970">
         <name>DMA_INT0_IRQHandler</name>
         <value>0x450f</value>
      </symbol>
      <symbol id="sm-971">
         <name>PORT1_IRQHandler</name>
         <value>0x450f</value>
      </symbol>
      <symbol id="sm-972">
         <name>PORT2_IRQHandler</name>
         <value>0x450f</value>
      </symbol>
      <symbol id="sm-973">
         <name>PORT3_IRQHandler</name>
         <value>0x450f</value>
      </symbol>
      <symbol id="sm-974">
         <name>PORT4_IRQHandler</name>
         <value>0x450f</value>
      </symbol>
      <symbol id="sm-975">
         <name>PORT5_IRQHandler</name>
         <value>0x450f</value>
      </symbol>
      <symbol id="sm-976">
         <name>PORT6_IRQHandler</name>
         <value>0x450f</value>
      </symbol>
   </symbol_table>
   <title>Link successful</title>
</link_info>
